Component: Arm Compiler for Embedded 6.21 Tool: armlink [5ec1fa00]

==============================================================================

Section Cross References

    pll.o(.ARM.exidx.text.PLL_Init) refers to pll.o(.text.PLL_Init) for [Anonymous Symbol]
    systick.o(.ARM.exidx.text.SysTick_Init) refers to systick.o(.text.SysTick_Init) for [Anonymous Symbol]
    systick.o(.ARM.exidx.text.SysTick_Wait) refers to systick.o(.text.SysTick_Wait) for [Anonymous Symbol]
    systick.o(.text.SysTick_Wait10ms) refers to systick.o(.text.SysTick_Wait) for SysTick_Wait
    systick.o(.ARM.exidx.text.SysTick_Wait10ms) refers to systick.o(.text.SysTick_Wait10ms) for [Anonymous Symbol]
    vl53l1_platform_2dx4.o(.ARM.exidx.text.beginTxI2C) refers to vl53l1_platform_2dx4.o(.text.beginTxI2C) for [Anonymous Symbol]
    vl53l1_platform_2dx4.o(.ARM.exidx.text.beginRxI2C) refers to vl53l1_platform_2dx4.o(.text.beginRxI2C) for [Anonymous Symbol]
    vl53l1_platform_2dx4.o(.text.writeRegisterIndex) refers to onboardleds.o(.text.FlashI2CTx) for FlashI2CTx
    vl53l1_platform_2dx4.o(.text.writeRegisterIndex) refers to systick.o(.text.SysTick_Wait) for SysTick_Wait
    vl53l1_platform_2dx4.o(.text.writeRegisterIndex) refers to onboardleds.o(.text.FlashI2CError) for FlashI2CError
    vl53l1_platform_2dx4.o(.ARM.exidx.text.writeRegisterIndex) refers to vl53l1_platform_2dx4.o(.text.writeRegisterIndex) for [Anonymous Symbol]
    vl53l1_platform_2dx4.o(.text.writeRegisterIndex_nostop) refers to onboardleds.o(.text.FlashI2CTx) for FlashI2CTx
    vl53l1_platform_2dx4.o(.text.writeRegisterIndex_nostop) refers to systick.o(.text.SysTick_Wait) for SysTick_Wait
    vl53l1_platform_2dx4.o(.text.writeRegisterIndex_nostop) refers to onboardleds.o(.text.FlashI2CError) for FlashI2CError
    vl53l1_platform_2dx4.o(.ARM.exidx.text.writeRegisterIndex_nostop) refers to vl53l1_platform_2dx4.o(.text.writeRegisterIndex_nostop) for [Anonymous Symbol]
    vl53l1_platform_2dx4.o(.text.writeI2C) refers to onboardleds.o(.text.FlashI2CTx) for FlashI2CTx
    vl53l1_platform_2dx4.o(.text.writeI2C) refers to systick.o(.text.SysTick_Wait) for SysTick_Wait
    vl53l1_platform_2dx4.o(.text.writeI2C) refers to onboardleds.o(.text.FlashI2CError) for FlashI2CError
    vl53l1_platform_2dx4.o(.ARM.exidx.text.writeI2C) refers to vl53l1_platform_2dx4.o(.text.writeI2C) for [Anonymous Symbol]
    vl53l1_platform_2dx4.o(.text.readI2C) refers to onboardleds.o(.text.FlashI2CRx) for FlashI2CRx
    vl53l1_platform_2dx4.o(.text.readI2C) refers to systick.o(.text.SysTick_Wait) for SysTick_Wait
    vl53l1_platform_2dx4.o(.text.readI2C) refers to onboardleds.o(.text.FlashI2CError) for FlashI2CError
    vl53l1_platform_2dx4.o(.ARM.exidx.text.readI2C) refers to vl53l1_platform_2dx4.o(.text.readI2C) for [Anonymous Symbol]
    vl53l1_platform_2dx4.o(.text.VL53L1_WriteMulti) refers to vl53l1_platform_2dx4.o(.text.beginTxI2C) for beginTxI2C
    vl53l1_platform_2dx4.o(.text.VL53L1_WriteMulti) refers to vl53l1_platform_2dx4.o(.text.writeRegisterIndex) for writeRegisterIndex
    vl53l1_platform_2dx4.o(.text.VL53L1_WriteMulti) refers to vl53l1_platform_2dx4.o(.text.writeI2C) for writeI2C
    vl53l1_platform_2dx4.o(.ARM.exidx.text.VL53L1_WriteMulti) refers to vl53l1_platform_2dx4.o(.text.VL53L1_WriteMulti) for [Anonymous Symbol]
    vl53l1_platform_2dx4.o(.text.VL53L1_ReadMulti) refers to vl53l1_platform_2dx4.o(.text.beginTxI2C) for beginTxI2C
    vl53l1_platform_2dx4.o(.text.VL53L1_ReadMulti) refers to vl53l1_platform_2dx4.o(.text.writeRegisterIndex) for writeRegisterIndex
    vl53l1_platform_2dx4.o(.text.VL53L1_ReadMulti) refers to vl53l1_platform_2dx4.o(.text.beginRxI2C) for beginRxI2C
    vl53l1_platform_2dx4.o(.text.VL53L1_ReadMulti) refers to vl53l1_platform_2dx4.o(.text.readI2C) for readI2C
    vl53l1_platform_2dx4.o(.ARM.exidx.text.VL53L1_ReadMulti) refers to vl53l1_platform_2dx4.o(.text.VL53L1_ReadMulti) for [Anonymous Symbol]
    vl53l1_platform_2dx4.o(.text.VL53L1_WrByte) refers to vl53l1_platform_2dx4.o(.text.beginTxI2C) for beginTxI2C
    vl53l1_platform_2dx4.o(.text.VL53L1_WrByte) refers to vl53l1_platform_2dx4.o(.text.writeRegisterIndex_nostop) for writeRegisterIndex_nostop
    vl53l1_platform_2dx4.o(.text.VL53L1_WrByte) refers to vl53l1_platform_2dx4.o(.text.writeI2C) for writeI2C
    vl53l1_platform_2dx4.o(.ARM.exidx.text.VL53L1_WrByte) refers to vl53l1_platform_2dx4.o(.text.VL53L1_WrByte) for [Anonymous Symbol]
    vl53l1_platform_2dx4.o(.text.VL53L1_WrWord) refers to vl53l1_platform_2dx4.o(.text.beginTxI2C) for beginTxI2C
    vl53l1_platform_2dx4.o(.text.VL53L1_WrWord) refers to vl53l1_platform_2dx4.o(.text.writeRegisterIndex) for writeRegisterIndex
    vl53l1_platform_2dx4.o(.text.VL53L1_WrWord) refers to vl53l1_platform_2dx4.o(.text.writeI2C) for writeI2C
    vl53l1_platform_2dx4.o(.ARM.exidx.text.VL53L1_WrWord) refers to vl53l1_platform_2dx4.o(.text.VL53L1_WrWord) for [Anonymous Symbol]
[...]
    [Anonymous Symbol]                       0x00002178   Section        0  vl53l1x_api.o(.text.VL53L1X_StartRanging)
    [Anonymous Symbol]                       0x000021a0   Section        0  vl53l1x_api.o(.text.VL53L1X_StopRanging)
    [Anonymous Symbol]                       0x000021c4   Section        0  vl53l1_platform_2dx4.o(.text.VL53L1_RdByte)
    [Anonymous Symbol]                       0x000021f8   Section        0  vl53l1_platform_2dx4.o(.text.VL53L1_RdWord)
    [Anonymous Symbol]                       0x00002244   Section        0  vl53l1_platform_2dx4.o(.text.VL53L1_WaitMs)
    [Anonymous Symbol]                       0x0000227c   Section        0  vl53l1_platform_2dx4.o(.text.VL53L1_WrByte)
    [Anonymous Symbol]                       0x000022ac   Section        0  vl53l1_platform_2dx4.o(.text.VL53L1_WrWord)
    [Anonymous Symbol]                       0x000022f8   Section        0  vl53l1_platform_2dx4.o(.text.beginRxI2C)
    [Anonymous Symbol]                       0x0000231c   Section        0  vl53l1_platform_2dx4.o(.text.beginTxI2C)
    [Anonymous Symbol]                       0x00002340   Section        0  2dx_studio_8c.o(.text.main)
    [Anonymous Symbol]                       0x00002780   Section        0  onboardleds.o(.text.onboardLEDs_Init)
    [Anonymous Symbol]                       0x00002854   Section        0  vl53l1_platform_2dx4.o(.text.readI2C)
    [Anonymous Symbol]                       0x000028d0   Section        0  vl53l1_platform_2dx4.o(.text.writeI2C)
    [Anonymous Symbol]                       0x000029e4   Section        0  vl53l1_platform_2dx4.o(.text.writeRegisterIndex)
    [Anonymous Symbol]                       0x00002ad4   Section        0  vl53l1_platform_2dx4.o(.text.writeRegisterIndex_nostop)
    CL$$btod_d2e                             0x00002bc4   Section       62  btod.o(CL$$btod_d2e)
    CL$$btod_d2e_denorm_low                  0x00002c02   Section       70  btod.o(CL$$btod_d2e_denorm_low)
    CL$$btod_d2e_norm_op1                    0x00002c48   Section       96  btod.o(CL$$btod_d2e_norm_op1)
    CL$$btod_div_common                      0x00002ca8   Section      824  btod.o(CL$$btod_div_common)
    CL$$btod_e2e                             0x00002fe0   Section      220  btod.o(CL$$btod_e2e)
    CL$$btod_ediv                            0x000030bc   Section       42  btod.o(CL$$btod_ediv)
    CL$$btod_emul                            0x000030e6   Section       42  btod.o(CL$$btod_emul)
    CL$$btod_mult_common                     0x00003110   Section      580  btod.o(CL$$btod_mult_common)
    i.__ARM_fpclassify                       0x00003354   Section        0  fpclassify.o(i.__ARM_fpclassify)
    i.__hardfp_cos                           0x00003388   Section        0  cos.o(i.__hardfp_cos)
    i.__hardfp_sin                           0x00003450   Section        0  sin.o(i.__hardfp_sin)
    i.__ieee754_rem_pio2                     0x00003518   Section        0  rred.o(i.__ieee754_rem_pio2)
    i.__kernel_cos                           0x00003950   Section        0  cos_i.o(i.__kernel_cos)
    i.__kernel_poly                          0x00003ac0   Section        0  poly.o(i.__kernel_poly)
    i.__kernel_sin                           0x00003bb8   Section        0  sin_i.o(i.__kernel_sin)
    i.__mathlib_dbl_infnan                   0x00003ce8   Section        0  dunder.o(i.__mathlib_dbl_infnan)
    i.__mathlib_dbl_invalid                  0x00003d00   Section        0  dunder.o(i.__mathlib_dbl_invalid)
    i.__mathlib_dbl_underflow                0x00003d20   Section        0  dunder.o(i.__mathlib_dbl_underflow)
    i._is_digit                              0x00003d40   Section        0  __printf_wp.o(i._is_digit)
    i.fabs                                   0x00003d4e   Section        0  fabs.o(i.fabs)
    locale$$code                             0x00003d68   Section       44  lc_numeric_c.o(locale$$code)
    locale$$code                             0x00003d94   Section       44  lc_ctype_c.o(locale$$code)
    $v0                                      0x00003dc0   Number         0  basic.o(x$fpl$basic)
    x$fpl$basic                              0x00003dc0   Section       24  basic.o(x$fpl$basic)
    $v0                                      0x00003dd8   Number         0  d2f.o(x$fpl$d2f)
    x$fpl$d2f                                0x00003dd8   Section       98  d2f.o(x$fpl$d2f)
    $v0                                      0x00003e3c   Number         0  daddsub_clz.o(x$fpl$dadd)
    x$fpl$dadd                               0x00003e3c   Section      336  daddsub_clz.o(x$fpl$dadd)
    _dadd1                                   0x00003e4d   Thumb Code     0  daddsub_clz.o(x$fpl$dadd)
    $v0                                      0x00003f8c   Number         0  ddiv.o(x$fpl$ddiv)
    x$fpl$ddiv                               0x00003f8c   Section      692  ddiv.o(x$fpl$ddiv)
    ddiv_entry                               0x00003f93   Thumb Code     0  ddiv.o(x$fpl$ddiv)
    $v0                                      0x00004240   Number         0  dfix.o(x$fpl$dfix)
    x$fpl$dfix                               0x00004240   Section       94  dfix.o(x$fpl$dfix)
    $v0                                      0x0000429e   Number         0  dflt_clz.o(x$fpl$dflt)
    x$fpl$dflt                               0x0000429e   Section       46  dflt_clz.o(x$fpl$dflt)
    $v0                                      0x000042cc   Number         0  dflt_clz.o(x$fpl$dfltu)
    x$fpl$dfltu                              0x000042cc   Section       38  dflt_clz.o(x$fpl$dfltu)
    $v0                                      0x000042f4   Number         0  dmul.o(x$fpl$dmul)
    x$fpl$dmul                               0x000042f4   Section      340  dmul.o(x$fpl$dmul)
    $v0                                      0x00004448   Number         0  dnaninf.o(x$fpl$dnaninf)
    x$fpl$dnaninf                            0x00004448   Section      156  dnaninf.o(x$fpl$dnaninf)
    $v0                                      0x000044e4   Number         0  dretinf.o(x$fpl$dretinf)
    x$fpl$dretinf                            0x000044e4   Section       12  dretinf.o(x$fpl$dretinf)
    $v0                                      0x000044f0   Number         0  daddsub_clz.o(x$fpl$drsb)
    x$fpl$drsb                               0x000044f0   Section       22  daddsub_clz.o(x$fpl$drsb)
    $v0                                      0x00004508   Number         0  daddsub_clz.o(x$fpl$dsub)
    x$fpl$dsub                               0x00004508   Section      476  daddsub_clz.o(x$fpl$dsub)
    _dsub1                                   0x00004519   Thumb Code     0  daddsub_clz.o(x$fpl$dsub)
    $v0                                      0x000046e4   Number         0  f2d.o(x$fpl$f2d)
    x$fpl$f2d                                0x000046e4   Section       86  f2d.o(x$fpl$f2d)
    $v0                                      0x0000473a   Number         0  fnaninf.o(x$fpl$fnaninf)
    x$fpl$fnaninf                            0x0000473a   Section      140  fnaninf.o(x$fpl$fnaninf)
    $v0                                      0x000047c6   Number         0  fpinit.o(x$fpl$fpinit)
    x$fpl$fpinit                             0x000047c6   Section       26  fpinit.o(x$fpl$fpinit)
    $v0                                      0x000047e0   Number         0  fretinf.o(x$fpl$fretinf)
    x$fpl$fretinf                            0x000047e0   Section       10  fretinf.o(x$fpl$fretinf)
    $v0                                      0x000047ea   Number         0  printf1.o(x$fpl$printf1)
    x$fpl$printf1                            0x000047ea   Section        4  printf1.o(x$fpl$printf1)
    $v0                                      0x000047ee   Number         0  printf2.o(x$fpl$printf2)
    x$fpl$printf2                            0x000047ee   Section        4  printf2.o(x$fpl$printf2)
    x$fpl$usenofp                            0x000047f2   Section        0  usenofp.o(x$fpl$usenofp)
    initial_mbstate                          0x000047f4   Data           8  _printf_wctomb.o(.constdata)
    .constdata                               0x000047f4   Section        8  _printf_wctomb.o(.constdata)
    uc_hextab                                0x000047fc   Data          20  _printf_hex_int_ll_ptr.o(.constdata)
    .constdata                               0x000047fc   Section       40  _printf_hex_int_ll_ptr.o(.constdata)
    lc_hextab                                0x00004810   Data          20  _printf_hex_int_ll_ptr.o(.constdata)
    maptable                                 0x00004824   Data          17  __printf_flags_ss_wp.o(.constdata)
    .constdata                               0x00004824   Section       17  __printf_flags_ss_wp.o(.constdata)
    C                                        0x00004838   Data          48  cos_i.o(.constdata)
    .constdata                               0x00004838   Section       48  cos_i.o(.constdata)
    pio2s                                    0x00004868   Data          48  rred.o(.constdata)
    .constdata                               0x00004868   Section      204  rred.o(.constdata)
    twooverpi                                0x00004898   Data         156  rred.o(.constdata)
    S                                        0x00004938   Data          40  sin_i.o(.constdata)
    .constdata                               0x00004938   Section       40  sin_i.o(.constdata)
    lc_hextab                                0x00004960   Data          19  _printf_fp_hex.o(.constdata)
    .constdata                               0x00004960   Section       38  _printf_fp_hex.o(.constdata)
    uc_hextab                                0x00004973   Data          19  _printf_fp_hex.o(.constdata)
    tenpwrs_x                                0x00004988   Data          60  bigflt0.o(.constdata)
    .constdata                               0x00004988   Section      148  bigflt0.o(.constdata)
    tenpwrs_i                                0x000049c4   Data          64  bigflt0.o(.constdata)
    .L.str.1                                 0x00004a77   Data          29  vl53l1x_api.o(.rodata.str1.1)
    [Anonymous Symbol]                       0x00004a77   Section        0  vl53l1x_api.o(.rodata.str1.1)
    .L.str                                   0x00004a94   Data          22  vl53l1x_api.o(.rodata.str1.1)
    .L.str                                   0x00004aaa   Data          20  uart.o(.rodata.str1.1)
    [Anonymous Symbol]                       0x00004aaa   Section        0  uart.o(.rodata.str1.1)
    .L.str.1                                 0x00004abe   Data          15  uart.o(.rodata.str1.1)
    .L.str                                   0x00004acd   Data          13  2dx_studio_8c.o(.rodata.str1.1)
    [Anonymous Symbol]                       0x00004acd   Section        0  2dx_studio_8c.o(.rodata.str1.1)
    locale$$data                             0x00004afc   Section       28  lc_numeric_c.o(locale$$data)
    __lcnum_c_name                           0x00004b00   Data           2  lc_numeric_c.o(locale$$data)
    __lcnum_c_start                          0x00004b08   Data           0  lc_numeric_c.o(locale$$data)
    __lcnum_c_point                          0x00004b14   Data           0  lc_numeric_c.o(locale$$data)
    __lcnum_c_thousands                      0x00004b16   Data           0  lc_numeric_c.o(locale$$data)
    __lcnum_c_grouping                       0x00004b17   Data           0  lc_numeric_c.o(locale$$data)
    __lcnum_c_end                            0x00004b18   Data           0  lc_numeric_c.o(locale$$data)
    locale$$data                             0x00004b18   Section      272  lc_ctype_c.o(locale$$data)
    __lcctype_c_name                         0x00004b1c   Data           2  lc_ctype_c.o(locale$$data)
    __lcctype_c_start                        0x00004b24   Data           0  lc_ctype_c.o(locale$$data)
    __lcctype_c_end                          0x00004c28   Data           0  lc_ctype_c.o(locale$$data)
    .bss                                     0x20000008   Section       96  libspace.o(.bss)
    printf_buffer                            0x20000068   Data        1023  uart.o(.bss.printf_buffer)
    [Anonymous Symbol]                       0x20000068   Section        0  uart.o(.bss.printf_buffer)
    printf_buffer                            0x20000467   Data        1023  2dx_studio_8c.o(.bss.printf_buffer)
    [Anonymous Symbol]                       0x20000467   Section        0  2dx_studio_8c.o(.bss.printf_buffer)
    Heap_Mem                                 0x20000870   Data           0  startup_msp432e401y_uvision.o(HEAP)
    Stack_Mem                                0x20000870   Data         512  startup_msp432e401y_uvision.o(STACK)
    HEAP                                     0x20000870   Section        0  startup_msp432e401y_uvision.o(HEAP)
    STACK                                    0x20000870   Section      512  startup_msp432e401y_uvision.o(STACK)
    __initial_sp                             0x20000a70   Data           0  startup_msp432e401y_uvision.o(STACK)

    Global Symbols

    Symbol Name                              Value     Ov Type        Size  Object(Section)

    BuildAttributes$$THM_ISAv4$E$P$D$K$B$S$7EM$VFPi3$EXTD16$VFPS$VFMA$PE$A:L22UL41UL21$X:L11$S22US41US21$IEEE1$IW$~IW$USESV6$~STKCKD$USESV7$~SHL$OTIME$ROPI$IEEEX$EBA8$UX$STANDARDLIB$REQ8$PRES8$EABIv2 0x00000000   Number         0  anon$$obj.o ABSOLUTE
    __Vectors                                0x00000000   Data           4  startup_msp432e401y_uvision.o(RESET)
    _printf_flags                            0x00000000   Number         0  printf_stubs.o ABSOLUTE
    _printf_return_value                     0x00000000   Number         0  printf_stubs.o ABSOLUTE
    _printf_sizespec                         0x00000000   Number         0  printf_stubs.o ABSOLUTE
    _printf_widthprec                        0x00000000   Number         0  printf_stubs.o ABSOLUTE
    __ARM_exceptions_init                     - Undefined Weak Reference
    __alloca_initialize                       - Undefined Weak Reference
    __arm_preinit_                            - Undefined Weak Reference
    __arm_relocate_pie_                       - Undefined Weak Reference
    __cpp_initialize__aeabi_                  - Undefined Weak Reference
    __cxa_finalize                            - Undefined Weak Reference
    __sigvec_lookup                           - Undefined Weak Reference
    _atexit_init                              - Undefined Weak Reference
    _call_atexit_fns                          - Undefined Weak Reference
    _clock_init                               - Undefined Weak Reference
    _fp_trap_init                             - Undefined Weak Reference
    _fp_trap_shutdown                         - Undefined Weak Reference
    _get_lc_collate                           - Undefined Weak Reference
    _get_lc_monetary                          - Undefined Weak Reference
    _get_lc_time                              - Undefined Weak Reference
    _getenv_init                              - Undefined Weak Reference
    _handle_redirection                       - Undefined Weak Reference
    _init_alloc                               - Undefined Weak Reference
    _init_user_alloc                          - Undefined Weak Reference
    _initio                                   - Undefined Weak Reference
    _printf_mbtowc                            - Undefined Weak Reference
    _printf_wc                                - Undefined Weak Reference
    _rand_init                                - Undefined Weak Reference
    _signal_finish                            - Undefined Weak Reference
    _signal_init                              - Undefined Weak Reference
    _terminate_alloc                          - Undefined Weak Reference
    _terminate_user_alloc                     - Undefined Weak Reference
    _terminateio                              - Undefined Weak Reference
    __Vectors_End                            0x000001fc   Data           0  startup_msp432e401y_uvision.o(RESET)
    __Vectors_Size                           0x000001fc   Number         0  startup_msp432e401y_uvision.o ABSOLUTE
    __main                                   0x000001fd   Thumb Code     8  __main.o(!!!main)
    __scatterload                            0x00000205   Thumb Code     0  __scatter.o(!!!scatter)
    __scatterload_rt2                        0x00000205   Thumb Code    84  __scatter.o(!!!scatter)
    __scatterload_rt2_thumb_only             0x00000205   Thumb Code     0  __scatter.o(!!!scatter)
    __scatterload_loop                       0x0000020f   Thumb Code     0  __scatter.o(!!!scatter)
    __scatterload_copy                       0x00000261   Thumb Code    26  __scatter_copy.o(!!handler_copy)
    __scatterload_null                       0x0000027d   Thumb Code     2  __scatter.o(!!handler_null)
    __scatterload_zeroinit                   0x00000281   Thumb Code    28  __scatter_zi.o(!!handler_zi)
    _printf_n                                0x0000029d   Thumb Code     0  _printf_n.o(.ARM.Collect$$_printf_percent$$00000001)
    _printf_percent                          0x0000029d   Thumb Code     0  _printf_percent.o(.ARM.Collect$$_printf_percent$$00000000)
    _printf_p                                0x000002a3   Thumb Code     0  _printf_p.o(.ARM.Collect$$_printf_percent$$00000002)
    _printf_f                                0x000002a9   Thumb Code     0  _printf_f.o(.ARM.Collect$$_printf_percent$$00000003)
    _printf_e                                0x000002af   Thumb Code     0  _printf_e.o(.ARM.Collect$$_printf_percent$$00000004)
    _printf_g                                0x000002b5   Thumb Code     0  _printf_g.o(.ARM.Collect$$_printf_percent$$00000005)
    _printf_a                                0x000002bb   Thumb Code     0  _printf_a.o(.ARM.Collect$$_printf_percent$$00000006)
    _printf_ll                               0x000002c1   Thumb Code     0  _printf_ll.o(.ARM.Collect$$_printf_percent$$00000007)
    _printf_i                                0x000002cb   Thumb Code     0  _printf_i.o(.ARM.Collect$$_printf_percent$$00000008)
    _printf_d                                0x000002d1   Thumb Code     0  _printf_d.o(.ARM.Collect$$_printf_percent$$00000009)
    _printf_u                                0x000002d7   Thumb Code     0  _printf_u.o(.ARM.Collect$$_printf_percent$$0000000A)
    _printf_o                                0x000002dd   Thumb Code     0  _printf_o.o(.ARM.Collect$$_printf_percent$$0000000B)
    _printf_x                                0x000002e3   Thumb Code     0  _printf_x.o(.ARM.Collect$$_printf_percent$$0000000C)
    _printf_lli                              0x000002e9   Thumb Code     0  _printf_lli.o(.ARM.Collect$$_printf_percent$$0000000D)
    _printf_lld                              0x000002ef   Thumb Code     0  _printf_lld.o(.ARM.Collect$$_printf_percent$$0000000E)
    _printf_llu                              0x000002f5   Thumb Code     0  _printf_llu.o(.ARM.Collect$$_printf_percent$$0000000F)
    _printf_llo                              0x000002fb   Thumb Code     0  _printf_llo.o(.ARM.Collect$$_printf_percent$$00000010)
    _printf_llx                              0x00000301   Thumb Code     0  _printf_llx.o(.ARM.Collect$$_printf_percent$$00000011)
    _printf_l                                0x00000307   Thumb Code     0  _printf_l.o(.ARM.Collect$$_printf_percent$$00000012)
    _printf_c                                0x00000311   Thumb Code     0  _printf_c.o(.ARM.Collect$$_printf_percent$$00000013)
    _printf_s                                0x00000317   Thumb Code     0  _printf_s.o(.ARM.Collect$$_printf_percent$$00000014)
    _printf_lc                               0x0000031d   Thumb Code     0  _printf_lc.o(.ARM.Collect$$_printf_percent$$00000015)
    _printf_ls                               0x00000323   Thumb Code     0  _printf_ls.o(.ARM.Collect$$_printf_percent$$00000016)
    _printf_percent_end                      0x00000329   Thumb Code     0  _printf_percent_end.o(.ARM.Collect$$_printf_percent$$00000017)
    __rt_lib_init                            0x0000032d   Thumb Code     0  libinit.o(.ARM.Collect$$libinit$$00000000)
    __rt_lib_init_fp_1                       0x0000032f   Thumb Code     0  libinit2.o(.ARM.Collect$$libinit$$00000001)
    __rt_lib_init_heap_1                     0x00000333   Thumb Code     0  libinit2.o(.ARM.Collect$$libinit$$0000000C)
    __rt_lib_init_lc_common                  0x00000333   Thumb Code     0  libinit2.o(.ARM.Collect$$libinit$$00000011)
    __rt_lib_init_preinit_1                  0x00000333   Thumb Code     0  libinit2.o(.ARM.Collect$$libinit$$00000006)
    __rt_lib_init_rand_1                     0x00000333   Thumb Code     0  libinit2.o(.ARM.Collect$$libinit$$00000010)
    __rt_lib_init_relocate_pie_1             0x00000333   Thumb Code     0  libinit2.o(.ARM.Collect$$libinit$$00000004)
    __rt_lib_init_user_alloc_1               0x00000333   Thumb Code     0  libinit2.o(.ARM.Collect$$libinit$$0000000E)
    __rt_lib_init_lc_collate_1               0x00000339   Thumb Code     0  libinit2.o(.ARM.Collect$$libinit$$00000013)
    __rt_lib_init_lc_ctype_2                 0x00000339   Thumb Code     0  libinit2.o(.ARM.Collect$$libinit$$00000014)
    __rt_lib_init_lc_ctype_1                 0x00000345   Thumb Code     0  libinit2.o(.ARM.Collect$$libinit$$00000015)
    __rt_lib_init_lc_monetary_1              0x00000345   Thumb Code     0  libinit2.o(.ARM.Collect$$libinit$$00000017)
    __rt_lib_init_lc_numeric_2               0x00000345   Thumb Code     0  libinit2.o(.ARM.Collect$$libinit$$00000018)
    __rt_lib_init_alloca_1                   0x0000034f   Thumb Code     0  libinit2.o(.ARM.Collect$$libinit$$00000030)
    __rt_lib_init_argv_1                     0x0000034f   Thumb Code     0  libinit2.o(.ARM.Collect$$libinit$$0000002E)
    __rt_lib_init_atexit_1                   0x0000034f   Thumb Code     0  libinit2.o(.ARM.Collect$$libinit$$0000001D)
    __rt_lib_init_clock_1                    0x0000034f   Thumb Code     0  libinit2.o(.ARM.Collect$$libinit$$00000023)
    __rt_lib_init_cpp_1                      0x0000034f   Thumb Code     0  libinit2.o(.ARM.Collect$$libinit$$00000034)
    __rt_lib_init_exceptions_1               0x0000034f   Thumb Code     0  libinit2.o(.ARM.Collect$$libinit$$00000032)
    __rt_lib_init_fp_trap_1                  0x0000034f   Thumb Code     0  libinit2.o(.ARM.Collect$$libinit$$00000021)
    __rt_lib_init_getenv_1                   0x0000034f   Thumb Code     0  libinit2.o(.ARM.Collect$$libinit$$00000025)
    __rt_lib_init_lc_numeric_1               0x0000034f   Thumb Code     0  libinit2.o(.ARM.Collect$$libinit$$00000019)
    __rt_lib_init_lc_time_1                  0x0000034f   Thumb Code     0  libinit2.o(.ARM.Collect$$libinit$$0000001B)
    __rt_lib_init_return                     0x0000034f   Thumb Code     0  libinit2.o(.ARM.Collect$$libinit$$00000035)
    __rt_lib_init_signal_1                   0x0000034f   Thumb Code     0  libinit2.o(.ARM.Collect$$libinit$$0000001F)
    __rt_lib_init_stdio_1                    0x0000034f   Thumb Code     0  libinit2.o(.ARM.Collect$$libinit$$00000027)
    __rt_lib_shutdown                        0x00000351   Thumb Code     0  libshutdown.o(.ARM.Collect$$libshutdown$$00000000)
    __rt_lib_shutdown_cpp_1                  0x00000353   Thumb Code     0  libshutdown2.o(.ARM.Collect$$libshutdown$$00000002)
    __rt_lib_shutdown_fp_trap_1              0x00000353   Thumb Code     0  libshutdown2.o(.ARM.Collect$$libshutdown$$00000007)
    __rt_lib_shutdown_heap_1                 0x00000353   Thumb Code     0  libshutdown2.o(.ARM.Collect$$libshutdown$$0000000F)
    __rt_lib_shutdown_return                 0x00000353   Thumb Code     0  libshutdown2.o(.ARM.Collect$$libshutdown$$00000010)
    __rt_lib_shutdown_signal_1               0x00000353   Thumb Code     0  libshutdown2.o(.ARM.Collect$$libshutdown$$0000000A)
    __rt_lib_shutdown_stdio_1                0x00000353   Thumb Code     0  libshutdown2.o(.ARM.Collect$$libshutdown$$00000004)
    __rt_lib_shutdown_user_alloc_1           0x00000353   Thumb Code     0  libshutdown2.o(.ARM.Collect$$libshutdown$$0000000C)
    __rt_entry                               0x00000355   Thumb Code     0  __rtentry.o(.ARM.Collect$$rtentry$$00000000)
    __rt_entry_presh_1                       0x00000355   Thumb Code     0  __rtentry2.o(.ARM.Collect$$rtentry$$00000002)
    __rt_entry_sh                            0x00000355   Thumb Code     0  __rtentry4.o(.ARM.Collect$$rtentry$$00000004)
    __rt_entry_li                            0x0000035b   Thumb Code     0  __rtentry2.o(.ARM.Collect$$rtentry$$0000000A)
    __rt_entry_postsh_1                      0x0000035b   Thumb Code     0  __rtentry2.o(.ARM.Collect$$rtentry$$00000009)
    __rt_entry_main                          0x0000035f   Thumb Code     0  __rtentry2.o(.ARM.Collect$$rtentry$$0000000D)
    __rt_entry_postli_1                      0x0000035f   Thumb Code     0  __rtentry2.o(.ARM.Collect$$rtentry$$0000000C)
    __rt_exit                                0x00000367   Thumb Code     0  rtexit.o(.ARM.Collect$$rtexit$$00000000)
    __rt_exit_ls                             0x00000369   Thumb Code     0  rtexit2.o(.ARM.Collect$$rtexit$$00000003)
    __rt_exit_prels_1                        0x00000369   Thumb Code     0  rtexit2.o(.ARM.Collect$$rtexit$$00000002)
    __rt_exit_exit                           0x0000036d   Thumb Code     0  rtexit2.o(.ARM.Collect$$rtexit$$00000004)
    Reset_Handler                            0x00000375   Thumb Code     8  startup_msp432e401y_uvision.o(.text)
    NMI_Handler                              0x0000037d   Thumb Code     2  startup_msp432e401y_uvision.o(.text)
    HardFault_Handler                        0x0000037f   Thumb Code     2  startup_msp432e401y_uvision.o(.text)
    MemManage_Handler                        0x00000381   Thumb Code     2  startup_msp432e401y_uvision.o(.text)
    BusFault_Handler                         0x00000383   Thumb Code     2  startup_msp432e401y_uvision.o(.text)
    UsageFault_Handler                       0x00000385   Thumb Code     2  startup_msp432e401y_uvision.o(.text)
    SVC_Handler                              0x00000387   Thumb Code     2  startup_msp432e401y_uvision.o(.text)
    DebugMon_Handler                         0x00000389   Thumb Code     2  startup_msp432e401y_uvision.o(.text)
    PendSV_Handler                           0x0000038b   Thumb Code     2  startup_msp432e401y_uvision.o(.text)
    SysTick_Handler                          0x0000038d   Thumb Code     2  startup_msp432e401y_uvision.o(.text)
    ADC0SS0_IRQHandler                       0x0000038f   Thumb Code     0  startup_msp432e401y_uvision.o(.text)
    ADC0SS1_IRQHandler                       0x0000038f   Thumb Code     0  startup_msp432e401y_uvision.o(.text)
    ADC0SS2_IRQHandler                       0x0000038f   Thumb Code     0  startup_msp432e401y_uvision.o(.text)
    ADC0SS3_IRQHandler                       0x0000038f   Thumb Code     0  startup_msp432e401y_uvision.o(.text)
    ADC1SS0_IRQHandler                       0x0000038f   Thumb Code     0  startup_msp432e401y_uvision.o(.text)
    ADC1SS1_IRQHandler                       0x0000038f   Thumb Code     0  startup_msp432e401y_uvision.o(.text)
    ADC1SS2_IRQHandler                       0x0000038f   Thumb Code     0  startup_msp432e401y_uvision.o(.text)
    ADC1SS3_IRQHandler                       0x0000038f   Thumb Code     0  startup_msp432e401y_uvision.o(.text)
    AES0_IRQHandler                          0x0000038f   Thumb Code     0  startup_msp432e401y_uvision.o(.text)
    CAN0_IRQHandler                          0x0000038f   Thumb Code     0  startup_msp432e401y_uvision.o(.text)
    CAN1_IRQHandler                          0x0000038f   Thumb Code     0  startup_msp432e401y_uvision.o(.text)
    COMP0_IRQHandler                         0x0000038f   Thumb Code     0  startup_msp432e401y_uvision.o(.text)
    COMP1_IRQHandler                         0x0000038f   Thumb Code     0  startup_msp432e401y_uvision.o(.text)
    COMP2_IRQHandler                         0x0000038f   Thumb Code     0  startup_msp432e401y_uvision.o(.text)
    DES0_IRQHandler                          0x0000038f   Thumb Code     0  startup_msp432e401y_uvision.o(.text)
    EMAC0_IRQHandler                         0x0000038f   Thumb Code     0  startup_msp432e401y_uvision.o(.text)
    EPI0_IRQHandler                          0x0000038f   Thumb Code     0  startup_msp432e401y_uvision.o(.text)
    FLASH_IRQHandler                         0x0000038f   Thumb Code     0  startup_msp432e401y_uvision.o(.text)
    GPIOA_IRQHandler                         0x0000038f   Thumb Code     0  startup_msp432e401y_uvision.o(.text)
    GPIOB_IRQHandler                         0x0000038f   Thumb Code     0  startup_msp432e401y_uvision.o(.text)
    GPIOC_IRQHandler                         0x0000038f   Thumb Code     0  startup_msp432e401y_uvision.o(.text)
    GPIOD_IRQHandler                         0x0000038f   Thumb Code     0  startup_msp432e401y_uvision.o(.text)
    GPIOE_IRQHandler                         0x0000038f   Thumb Code     0  startup_msp432e401y_uvision.o(.text)
    GPIOF_IRQHandler                         0x0000038f   Thumb Code     0  startup_msp432e401y_uvision.o(.text)
    GPIOG_IRQHandler                         0x0000038f   Thumb Code     0  startup_msp432e401y_uvision.o(.text)
    GPIOH_IRQHandler                         0x0000038f   Thumb Code     0  startup_msp432e401y_uvision.o(.text)
    GPIOJ_IRQHandler                         0x0000038f   Thumb Code     0  startup_msp432e401y_uvision.o(.text)
    GPIOK_IRQHandler                         0x0000038f   Thumb Code     0  startup_msp432e401y_uvision.o(.text)
    GPIOL_IRQHandler                         0x0000038f   Thumb Code     0  startup_msp432e401y_uvision.o(.text)
    GPIOM_IRQHandler                         0x0000038f   Thumb Code     0  startup_msp432e401y_uvision.o(.text)
    GPION_IRQHandler                         0x0000038f   Thumb Code     0  startup_msp432e401y_uvision.o(.text)
    GPIOP0_IRQHandler                        0x0000038f   Thumb Code     0  startup_msp432e401y_uvision.o(.text)
    GPIOP1_IRQHandler                        0x0000038f   Thumb Code     0  startup_msp432e401y_uvision.o(.text)
    GPIOP2_IRQHandler                        0x0000038f   Thumb Code     0  startup_msp432e401y_uvision.o(.text)
    GPIOP3_IRQHandler                        0x0000038f   Thumb Code     0  startup_msp432e401y_uvision.o(.text)
    GPIOP4_IRQHandler                        0x0000038f   Thumb Code     0  startup_msp432e401y_uvision.o(.text)
    GPIOP5_IRQHandler                        0x0000038f   Thumb Code     0  startup_msp432e401y_uvision.o(.text)
    GPIOP6_IRQHandler                        0x0000038f   Thumb Code     0  startup_msp432e401y_uvision.o(.text)
    GPIOP7_IRQHandler                        0x0000038f   Thumb Code     0  startup_msp432e401y_uvision.o(.text)
    GPIOQ0_IRQHandler                        0x0000038f   Thumb Code     0  startup_msp432e401y_uvision.o(.text)
    GPIOQ1_IRQHandler                        0x0000038f   Thumb Code     0  startup_msp432e401y_uvision.o(.text)
    GPIOQ2_IRQHandler                        0x0000038f   Thumb Code     0  startup_msp432e401y_uvision.o(.text)
    GPIOQ3_IRQHandler                        0x0000038f   Thumb Code     0  startup_msp432e401y_uvision.o(.text)
    GPIOQ4_IRQHandler                        0x0000038f   Thumb Code     0  startup_msp432e401y_uvision.o(.text)
    GPIOQ5_IRQHandler                        0x0000038f   Thumb Code     0  startup_msp432e401y_uvision.o(.text)
    GPIOQ6_IRQHandler                        0x0000038f   Thumb Code     0  startup_msp432e401y_uvision.o(.text)
    GPIOQ7_IRQHandler                        0x0000038f   Thumb Code     0  startup_msp432e401y_uvision.o(.text)
    HIBERNATE_IRQHandler                     0x0000038f   Thumb Code     0  startup_msp432e401y_uvision.o(.text)
    I2C0_IRQHandler                          0x0000038f   Thumb Code     0  startup_msp432e401y_uvision.o(.text)
    I2C1_IRQHandler                          0x0000038f   Thumb Code     0  startup_msp432e401y_uvision.o(.text)
    I2C2_IRQHandler                          0x0000038f   Thumb Code     0  startup_msp432e401y_uvision.o(.text)
    I2C3_IRQHandler                          0x0000038f   Thumb Code     0  startup_msp432e401y_uvision.o(.text)
    I2C4_IRQHandler                          0x0000038f   Thumb Code     0  startup_msp432e401y_uvision.o(.text)
    I2C5_IRQHandler                          0x0000038f   Thumb Code     0  startup_msp432e401y_uvision.o(.text)
    I2C6_IRQHandler                          0x0000038f   Thumb Code     0  startup_msp432e401y_uvision.o(.text)
    I2C7_IRQHandler                          0x0000038f   Thumb Code     0  startup_msp432e401y_uvision.o(.text)
    I2C8_IRQHandler                          0x0000038f   Thumb Code     0  startup_msp432e401y_uvision.o(.text)
    I2C9_IRQHandler                          0x0000038f   Thumb Code     0  startup_msp432e401y_uvision.o(.text)
    PWM0_0_IRQHandler                        0x0000038f   Thumb Code     0  startup_msp432e401y_uvision.o(.text)
    PWM0_1_IRQHandler                        0x0000038f   Thumb Code     0  startup_msp432e401y_uvision.o(.text)
    PWM0_2_IRQHandler                        0x0000038f   Thumb Code     0  startup_msp432e401y_uvision.o(.text)
    PWM0_3_IRQHandler                        0x0000038f   Thumb Code     0  startup_msp432e401y_uvision.o(.text)
    PWM0_FAULT_IRQHandler                    0x0000038f   Thumb Code     0  startup_msp432e401y_uvision.o(.text)
    QEI0_IRQHandler                          0x0000038f   Thumb Code     0  startup_msp432e401y_uvision.o(.text)
    SHA0_IRQHandler                          0x0000038f   Thumb Code     0  startup_msp432e401y_uvision.o(.text)
    SSI0_IRQHandler                          0x0000038f   Thumb Code     0  startup_msp432e401y_uvision.o(.text)
    SSI1_IRQHandler                          0x0000038f   Thumb Code     0  startup_msp432e401y_uvision.o(.text)
    SSI2_IRQHandler                          0x0000038f   Thumb Code     0  startup_msp432e401y_uvision.o(.text)
    SSI3_IRQHandler                          0x0000038f   Thumb Code     0  startup_msp432e401y_uvision.o(.text)
    SYSCTL_IRQHandler                        0x0000038f   Thumb Code     0  startup_msp432e401y_uvision.o(.text)
    SYSEXC_IRQHandler                        0x0000038f   Thumb Code     0  startup_msp432e401y_uvision.o(.text)
    TAMPER0_IRQHandler                       0x0000038f   Thumb Code     0  startup_msp432e401y_uvision.o(.text)
    TIMER0A_IRQHandler                       0x0000038f   Thumb Code     0  startup_msp432e401y_uvision.o(.text)
    TIMER0B_IRQHandler                       0x0000038f   Thumb Code     0  startup_msp432e401y_uvision.o(.text)
    TIMER1A_IRQHandler                       0x0000038f   Thumb Code     0  startup_msp432e401y_uvision.o(.text)
    TIMER1B_IRQHandler                       0x0000038f   Thumb Code     0  startup_msp432e401y_uvision.o(.text)
    TIMER2A_IRQHandler                       0x0000038f   Thumb Code     0  startup_msp432e401y_uvision.o(.text)
    TIMER2B_IRQHandler                       0x0000038f   Thumb Code     0  startup_msp432e401y_uvision.o(.text)
    TIMER3A_IRQHandler                       0x0000038f   Thumb Code     0  startup_msp432e401y_uvision.o(.text)
    TIMER3B_IRQHandler                       0x0000038f   Thumb Code     0  startup_msp432e401y_uvision.o(.text)
    TIMER4A_IRQHandler                       0x0000038f   Thumb Code     0  startup_msp432e401y_uvision.o(.text)
    TIMER4B_IRQHandler                       0x0000038f   Thumb Code     0  startup_msp432e401y_uvision.o(.text)
    TIMER5A_IRQHandler                       0x0000038f   Thumb Code     0  startup_msp432e401y_uvision.o(.text)
    TIMER5B_IRQHandler                       0x0000038f   Thumb Code     0  startup_msp432e401y_uvision.o(.text)
    TIMER6A_IRQHandler                       0x0000038f   Thumb Code     0  startup_msp432e401y_uvision.o(.text)
    TIMER6B_IRQHandler                       0x0000038f   Thumb Code     0  startup_msp432e401y_uvision.o(.text)
    TIMER7A_IRQHandler                       0x0000038f   Thumb Code     0  startup_msp432e401y_uvision.o(.text)
    TIMER7B_IRQHandler                       0x0000038f   Thumb Code     0  startup_msp432e401y_uvision.o(.text)
    UART0_IRQHandler                         0x0000038f   Thumb Code     0  startup_msp432e401y_uvision.o(.text)
    UART1_IRQHandler                         0x0000038f   Thumb Code     0  startup_msp432e401y_uvision.o(.text)
    UART2_IRQHandler                         0x0000038f   Thumb Code     0  startup_msp432e401y_uvision.o(.text)
    UART3_IRQHandler                         0x0000038f   Thumb Code     0  startup_msp432e401y_uvision.o(.text)
    UART4_IRQHandler                         0x0000038f   Thumb Code     0  startup_msp432e401y_uvision.o(.text)
    UART5_IRQHandler                         0x0000038f   Thumb Code     0  startup_msp432e401y_uvision.o(.text)
    UART6_IRQHandler                         0x0000038f   Thumb Code     0  startup_msp432e401y_uvision.o(.text)
    UART7_IRQHandler                         0x0000038f   Thumb Code     0  startup_msp432e401y_uvision.o(.text)
    UDMAERR_IRQHandler                       0x0000038f   Thumb Code     0  startup_msp432e401y_uvision.o(.text)
    UDMA_IRQHandler                          0x0000038f   Thumb Code     0  startup_msp432e401y_uvision.o(.text)
    USB0_IRQHandler                          0x0000038f   Thumb Code     0  startup_msp432e401y_uvision.o(.text)
    WATCHDOG_IRQHandler                      0x0000038f   Thumb Code     0  startup_msp432e401y_uvision.o(.text)
    __user_initial_stackheap                 0x00000391   Thumb Code    10  startup_msp432e401y_uvision.o(.text)
    sprintf                                  0x000003b1   Thumb Code    38  sprintf.o(.text)
    __use_two_region_memory                  0x000003dd   Thumb Code     2  heapauxi.o(.text)
    __rt_heap_escrow$2region                 0x000003df   Thumb Code     2  heapauxi.o(.text)
    __rt_heap_expand$2region                 0x000003e1   Thumb Code     2  heapauxi.o(.text)
    __read_errno                             0x000003e3   Thumb Code    10  _rserrno.o(.text)
    __set_errno                              0x000003ed   Thumb Code    12  _rserrno.o(.text)
    _printf_pre_padding                      0x000003f9   Thumb Code    44  _printf_pad.o(.text)
    _printf_post_padding                     0x00000425   Thumb Code    34  _printf_pad.o(.text)
    _printf_truncate_signed                  0x00000447   Thumb Code    18  _printf_truncate.o(.text)
    _printf_truncate_unsigned                0x00000459   Thumb Code    18  _printf_truncate.o(.text)
    _printf_str                              0x0000046b   Thumb Code    82  _printf_str.o(.text)
    _printf_int_dec                          0x000004bd   Thumb Code   104  _printf_dec.o(.text)
    _printf_charcount                        0x00000535   Thumb Code    40  _printf_charcount.o(.text)
    _printf_char_common                      0x00000567   Thumb Code    32  _printf_char_common.o(.text)
    _sputc                                   0x0000058d   Thumb Code    10  _sputc.o(.text)
    _printf_wctomb                           0x00000599   Thumb Code   182  _printf_wctomb.o(.text)
    _printf_longlong_dec                     0x00000655   Thumb Code   108  _printf_longlong_dec.o(.text)
    _printf_longlong_oct                     0x000006d1   Thumb Code    68  _printf_oct_int_ll.o(.text)
    _printf_int_oct                          0x00000715   Thumb Code    24  _printf_oct_int_ll.o(.text)
    _printf_ll_oct                           0x0000072d   Thumb Code    12  _printf_oct_int_ll.o(.text)
    _printf_longlong_hex                     0x00000741   Thumb Code    86  _printf_hex_int_ll_ptr.o(.text)
    _printf_int_hex                          0x00000797   Thumb Code    28  _printf_hex_int_ll_ptr.o(.text)
    _printf_ll_hex                           0x000007b3   Thumb Code    12  _printf_hex_int_ll_ptr.o(.text)
    _printf_hex_ptr                          0x000007bf   Thumb Code    18  _printf_hex_int_ll_ptr.o(.text)
    __printf                                 0x000007d5   Thumb Code   388  __printf_flags_ss_wp.o(.text)
    __aeabi_errno_addr                       0x0000095d   Thumb Code     8  rt_errno_addr_intlibspace.o(.text)
    __errno$intlibspace                      0x0000095d   Thumb Code     0  rt_errno_addr_intlibspace.o(.text)
    __rt_errno_addr$intlibspace              0x0000095d   Thumb Code     0  rt_errno_addr_intlibspace.o(.text)
    _ll_udiv10                               0x00000965   Thumb Code   138  lludiv10.o(.text)
    _printf_int_common                       0x000009ef   Thumb Code   178  _printf_intcommon.o(.text)
    _printf_fp_dec_real                      0x00000c51   Thumb Code   620  _printf_fp_dec.o(.text)
    _printf_fp_hex_real                      0x00000ebd   Thumb Code   756  _printf_fp_hex.o(.text)
    _printf_cs_common                        0x000011b9   Thumb Code    20  _printf_char.o(.text)
    _printf_char                             0x000011cd   Thumb Code    16  _printf_char.o(.text)
    _printf_string                           0x000011dd   Thumb Code     8  _printf_char.o(.text)
    _printf_lcs_common                       0x000011e5   Thumb Code    20  _printf_wchar.o(.text)
    _printf_wchar                            0x000011f9   Thumb Code    16  _printf_wchar.o(.text)
    _printf_wstring                          0x00001209   Thumb Code     8  _printf_wchar.o(.text)
    _c16rtomb                                0x00001211   Thumb Code    72  _c16rtomb.o(.text)
    _wcrtomb                                 0x00001211   Thumb Code     0  _c16rtomb.o(.text)
    __user_libspace                          0x00001259   Thumb Code     8  libspace.o(.text)
    __user_perproc_libspace                  0x00001259   Thumb Code     0  libspace.o(.text)
    __user_perthread_libspace                0x00001259   Thumb Code     0  libspace.o(.text)
    __user_setup_stackheap                   0x00001261   Thumb Code    74  sys_stackheap_outer.o(.text)
    __rt_ctype_table                         0x000012ad   Thumb Code    16  rt_ctype_table.o(.text)
    __rt_locale                              0x000012bd   Thumb Code     8  rt_locale_intlibspace.o(.text)
    _printf_fp_infnan                        0x000012c5   Thumb Code   112  _printf_fp_infnan.o(.text)
    _btod_etento                             0x00001345   Thumb Code   224  bigflt0.o(.text)
    exit                                     0x00001429   Thumb Code    18  exit.o(.text)
    strcmp                                   0x00001441   Thumb Code   124  strcmpv7em.o(.text)
    _sys_exit                                0x000014bd   Thumb Code     8  sys_exit.o(.text)
    __I$use$semihosting                      0x000014c9   Thumb Code     0  use_no_semi.o(.text)
    __use_no_semihosting_swi                 0x000014c9   Thumb Code     2  use_no_semi.o(.text)
    __semihosting_library_function           0x000014cb   Thumb Code     0  indicate_semi.o(.text)
    FlashAllLEDs                             0x000014cd   Thumb Code    78  onboardleds.o(.text.FlashAllLEDs)
    FlashI2CError                            0x0000151d   Thumb Code     8  onboardleds.o(.text.FlashI2CError)
    FlashI2CRx                               0x00001525   Thumb Code     2  onboardleds.o(.text.FlashI2CRx)
    FlashI2CTx                               0x00001529   Thumb Code     2  onboardleds.o(.text.FlashI2CTx)
    I2C_Init                                 0x0000152d   Thumb Code   148  2dx_studio_8c.o(.text.I2C_Init)
    PLL_Init                                 0x000015c1   Thumb Code   318  pll.o(.text.PLL_Init)
    PortF_Init                               0x00001701   Thumb Code    62  2dx_studio_8c.o(.text.PortF_Init)
    PortH_Init                               0x00001741   Thumb Code    62  2dx_studio_8c.o(.text.PortH_Init)
    PortM_Init                               0x00001781   Thumb Code    80  2dx_studio_8c.o(.text.PortM_Init)
    Status_Check                             0x000017d1   Thumb Code    76  uart.o(.text.Status_Check)
    SysTick_Init                             0x0000181d   Thumb Code    42  systick.o(.text.SysTick_Init)
    SysTick_Wait                             0x00001849   Thumb Code    54  systick.o(.text.SysTick_Wait)
    SysTick_Wait10ms                         0x00001881   Thumb Code    48  systick.o(.text.SysTick_Wait10ms)
    SystemInit                               0x000018b1   Thumb Code    36  system_msp432e401y.o(.text.SystemInit)
    UART_InChar                              0x000018d5   Thumb Code    36  uart.o(.text.UART_InChar)
    UART_Init                                0x000018f9   Thumb Code   234  uart.o(.text.UART_Init)
    UART_OutChar                             0x000019e5   Thumb Code    46  uart.o(.text.UART_OutChar)
    UART_printf                              0x00001a15   Thumb Code    44  uart.o(.text.UART_printf)
    VL53L1X_BootState                        0x00001a41   Thumb Code    54  vl53l1x_api.o(.text.VL53L1X_BootState)
    VL53L1X_CheckForDataReady                0x00001a79   Thumb Code   102  vl53l1x_api.o(.text.VL53L1X_CheckForDataReady)
    VL53L1X_ClearInterrupt                   0x00001ae1   Thumb Code    38  vl53l1x_api.o(.text.VL53L1X_ClearInterrupt)
    VL53L1X_GetDistance                      0x00001b09   Thumb Code    48  vl53l1x_api.o(.text.VL53L1X_GetDistance)
    VL53L1X_GetDistanceMode                  0x00001b39   Thumb Code    78  vl53l1x_api.o(.text.VL53L1X_GetDistanceMode)
    VL53L1X_GetInterruptPolarity             0x00001b89   Thumb Code    70  vl53l1x_api.o(.text.VL53L1X_GetInterruptPolarity)
    VL53L1X_GetTimingBudgetInMs              0x00001bd1   Thumb Code   248  vl53l1x_api.o(.text.VL53L1X_GetTimingBudgetInMs)
    VL53L1X_SensorInit                       0x00001cc9   Thumb Code   284  vl53l1x_api.o(.text.VL53L1X_SensorInit)
    VL53L1X_SetDistanceMode                  0x00001de5   Thumb Code   326  vl53l1x_api.o(.text.VL53L1X_SetDistanceMode)
    VL53L1X_SetTimingBudgetInMs              0x00001f2d   Thumb Code   586  vl53l1x_api.o(.text.VL53L1X_SetTimingBudgetInMs)
    VL53L1X_StartRanging                     0x00002179   Thumb Code    38  vl53l1x_api.o(.text.VL53L1X_StartRanging)
    VL53L1X_StopRanging                      0x000021a1   Thumb Code    36  vl53l1x_api.o(.text.VL53L1X_StopRanging)
    VL53L1_RdByte                            0x000021c5   Thumb Code    50  vl53l1_platform_2dx4.o(.text.VL53L1_RdByte)
    VL53L1_RdWord                            0x000021f9   Thumb Code    76  vl53l1_platform_2dx4.o(.text.VL53L1_RdWord)
    VL53L1_WaitMs                            0x00002245   Thumb Code    54  vl53l1_platform_2dx4.o(.text.VL53L1_WaitMs)
    VL53L1_WrByte                            0x0000227d   Thumb Code    48  vl53l1_platform_2dx4.o(.text.VL53L1_WrByte)
    VL53L1_WrWord                            0x000022ad   Thumb Code    74  vl53l1_platform_2dx4.o(.text.VL53L1_WrWord)
    beginRxI2C                               0x000022f9   Thumb Code    36  vl53l1_platform_2dx4.o(.text.beginRxI2C)
    beginTxI2C                               0x0000231d   Thumb Code    36  vl53l1_platform_2dx4.o(.text.beginTxI2C)
    main                                     0x00002341   Thumb Code  1072  2dx_studio_8c.o(.text.main)
    onboardLEDs_Init                         0x00002781   Thumb Code   212  onboardleds.o(.text.onboardLEDs_Init)
    readI2C                                  0x00002855   Thumb Code   122  vl53l1_platform_2dx4.o(.text.readI2C)
    writeI2C                                 0x000028d1   Thumb Code   276  vl53l1_platform_2dx4.o(.text.writeI2C)
    writeRegisterIndex                       0x000029e5   Thumb Code   240  vl53l1_platform_2dx4.o(.text.writeRegisterIndex)
    writeRegisterIndex_nostop                0x00002ad5   Thumb Code   240  vl53l1_platform_2dx4.o(.text.writeRegisterIndex_nostop)
    _btod_d2e                                0x00002bc5   Thumb Code    62  btod.o(CL$$btod_d2e)
    _d2e_denorm_low                          0x00002c03   Thumb Code    70  btod.o(CL$$btod_d2e_denorm_low)
    _d2e_norm_op1                            0x00002c49   Thumb Code    96  btod.o(CL$$btod_d2e_norm_op1)
    __btod_div_common                        0x00002ca9   Thumb Code   696  btod.o(CL$$btod_div_common)
    _e2e                                     0x00002fe1   Thumb Code   220  btod.o(CL$$btod_e2e)
    _btod_ediv                               0x000030bd   Thumb Code    42  btod.o(CL$$btod_ediv)
    _btod_emul                               0x000030e7   Thumb Code    42  btod.o(CL$$btod_emul)
    __btod_mult_common                       0x00003111   Thumb Code   580  btod.o(CL$$btod_mult_common)
    __ARM_fpclassify                         0x00003355   Thumb Code    48  fpclassify.o(i.__ARM_fpclassify)
    __hardfp_cos                             0x00003389   Thumb Code   180  cos.o(i.__hardfp_cos)
    __hardfp_sin                             0x00003451   Thumb Code   180  sin.o(i.__hardfp_sin)
    __ieee754_rem_pio2                       0x00003519   Thumb Code   938  rred.o(i.__ieee754_rem_pio2)
    __kernel_cos                             0x00003951   Thumb Code   322  cos_i.o(i.__kernel_cos)
    __kernel_poly                            0x00003ac1   Thumb Code   248  poly.o(i.__kernel_poly)
    __kernel_sin                             0x00003bb9   Thumb Code   280  sin_i.o(i.__kernel_sin)
    __mathlib_dbl_infnan                     0x00003ce9   Thumb Code    20  dunder.o(i.__mathlib_dbl_infnan)
    __mathlib_dbl_invalid                    0x00003d01   Thumb Code    24  dunder.o(i.__mathlib_dbl_invalid)
    __mathlib_dbl_underflow                  0x00003d21   Thumb Code    24  dunder.o(i.__mathlib_dbl_underflow)
    _is_digit                                0x00003d41   Thumb Code    14  __printf_wp.o(i._is_digit)
    fabs                                     0x00003d4f   Thumb Code    24  fabs.o(i.fabs)
    _get_lc_numeric                          0x00003d69   Thumb Code    44  lc_numeric_c.o(locale$$code)
    _get_lc_ctype                            0x00003d95   Thumb Code    44  lc_ctype_c.o(locale$$code)
    __aeabi_dneg                             0x00003dc1   Thumb Code     0  basic.o(x$fpl$basic)
    _dneg                                    0x00003dc1   Thumb Code     6  basic.o(x$fpl$basic)
    __aeabi_fneg                             0x00003dc7   Thumb Code     0  basic.o(x$fpl$basic)
    _fneg                                    0x00003dc7   Thumb Code     6  basic.o(x$fpl$basic)
    _dabs                                    0x00003dcd   Thumb Code     6  basic.o(x$fpl$basic)
    _fabs                                    0x00003dd3   Thumb Code     6  basic.o(x$fpl$basic)
    __aeabi_d2f                              0x00003dd9   Thumb Code     0  d2f.o(x$fpl$d2f)
    _d2f                                     0x00003dd9   Thumb Code    98  d2f.o(x$fpl$d2f)
    __aeabi_dadd                             0x00003e3d   Thumb Code     0  daddsub_clz.o(x$fpl$dadd)
    _dadd                                    0x00003e3d   Thumb Code   332  daddsub_clz.o(x$fpl$dadd)
    __aeabi_ddiv                             0x00003f8d   Thumb Code     0  ddiv.o(x$fpl$ddiv)
    _ddiv                                    0x00003f8d   Thumb Code   556  ddiv.o(x$fpl$ddiv)
    __aeabi_d2iz                             0x00004241   Thumb Code     0  dfix.o(x$fpl$dfix)
    _dfix                                    0x00004241   Thumb Code    94  dfix.o(x$fpl$dfix)
    __aeabi_i2d                              0x0000429f   Thumb Code     0  dflt_clz.o(x$fpl$dflt)
    _dflt                                    0x0000429f   Thumb Code    46  dflt_clz.o(x$fpl$dflt)
    __aeabi_ui2d                             0x000042cd   Thumb Code     0  dflt_clz.o(x$fpl$dfltu)
    _dfltu                                   0x000042cd   Thumb Code    38  dflt_clz.o(x$fpl$dfltu)
    __aeabi_dmul                             0x000042f5   Thumb Code     0  dmul.o(x$fpl$dmul)
    _dmul                                    0x000042f5   Thumb Code   332  dmul.o(x$fpl$dmul)
    __fpl_dnaninf                            0x00004449   Thumb Code   156  dnaninf.o(x$fpl$dnaninf)
    __fpl_dretinf                            0x000044e5   Thumb Code    12  dretinf.o(x$fpl$dretinf)
    __aeabi_drsub                            0x000044f1   Thumb Code     0  daddsub_clz.o(x$fpl$drsb)
    _drsb                                    0x000044f1   Thumb Code    22  daddsub_clz.o(x$fpl$drsb)
    __aeabi_dsub                             0x00004509   Thumb Code     0  daddsub_clz.o(x$fpl$dsub)
    _dsub                                    0x00004509   Thumb Code   472  daddsub_clz.o(x$fpl$dsub)
    __aeabi_f2d                              0x000046e5   Thumb Code     0  f2d.o(x$fpl$f2d)
    _f2d                                     0x000046e5   Thumb Code    86  f2d.o(x$fpl$f2d)
    __fpl_fnaninf                            0x0000473b   Thumb Code   140  fnaninf.o(x$fpl$fnaninf)
    _fp_init                                 0x000047c7   Thumb Code    26  fpinit.o(x$fpl$fpinit)
    __fplib_config_fpu_vfp                   0x000047df   Thumb Code     0  fpinit.o(x$fpl$fpinit)
    __fplib_config_pureend_doubles           0x000047df   Thumb Code     0  fpinit.o(x$fpl$fpinit)
    __fpl_fretinf                            0x000047e1   Thumb Code    10  fretinf.o(x$fpl$fretinf)
    _printf_fp_dec                           0x000047eb   Thumb Code     4  printf1.o(x$fpl$printf1)
    _printf_fp_hex                           0x000047ef   Thumb Code     4  printf2.o(x$fpl$printf2)
    __I$use$fp                               0x000047f2   Number         0  usenofp.o(x$fpl$usenofp)
    VL51L1X_DEFAULT_CONFIGURATION            0x00004a1c   Data          91  vl53l1x_api.o(.rodata.VL51L1X_DEFAULT_CONFIGURATION)
    Region$$Table$$Base                      0x00004adc   Number         0  anon$$obj.o(Region$$Table)
    Region$$Table$$Limit                     0x00004afc   Number         0  anon$$obj.o(Region$$Table)
    __ctype                                  0x00004b25   Data           0  lc_ctype_c.o(locale$$data)
    SystemCoreClock                          0x20000000   Data           4  system_msp432e401y.o(.data.SystemCoreClock)
    dev                                      0x20000004   Data           2  2dx_studio_8c.o(.data.dev)
    __libspace_start                         0x20000008   Data          96  libspace.o(.bss)
    __temporary_stack_top$libspace           0x20000068   Data           0  libspace.o(.bss)
    status                                   0x20000868   Data           4  2dx_studio_8c.o(.bss.status)



==============================================================================

Memory Map of the image

  Image Entry point : 0x00000375

  Load Region LR_1 (Base: 0x00000000, Size: 0x00004c30, Max: 0xffffffff, ABSOLUTE)

    Execution Region ER_RO (Exec base: 0x00000000, Load base: 0x00000000, Size: 0x00004c28, Max: 0xffffffff, ABSOLUTE)

    Exec Addr    Load Addr    Size         Type   Attr      Idx    E Section Name        Object

    0x00000000   0x00000000   0x000001fc   Data   RO          227    RESET               startup_msp432e401y_uvision.o
    0x000001fc   0x000001fc   0x00000008   Code   RO          252  * !!!main             c_w.l(__main.o)
    0x00000204   0x00000204   0x0000005c   Code   RO          681    !!!scatter          c_w.l(__scatter.o)
    0x00000260   0x00000260   0x0000001a   Code   RO          685    !!handler_copy      c_w.l(__scatter_copy.o)
    0x0000027a   0x0000027a   0x00000002   PAD
    0x0000027c   0x0000027c   0x00000002   Code   RO          682    !!handler_null      c_w.l(__scatter.o)
    0x0000027e   0x0000027e   0x00000002   PAD
    0x00000280   0x00000280   0x0000001c   Code   RO          687    !!handler_zi        c_w.l(__scatter_zi.o)
    0x0000029c   0x0000029c   0x00000000   Code   RO          380    .ARM.Collect$$_printf_percent$$00000000  c_w.l(_printf_percent.o)
    0x0000029c   0x0000029c   0x00000006   Code   RO          369    .ARM.Collect$$_printf_percent$$00000001  c_w.l(_printf_n.o)
    0x000002a2   0x000002a2   0x00000006   Code   RO          371    .ARM.Collect$$_printf_percent$$00000002  c_w.l(_printf_p.o)
    0x000002a8   0x000002a8   0x00000006   Code   RO          376    .ARM.Collect$$_printf_percent$$00000003  c_w.l(_printf_f.o)
    0x000002ae   0x000002ae   0x00000006   Code   RO          377    .ARM.Collect$$_printf_percent$$00000004  c_w.l(_printf_e.o)
    0x000002b4   0x000002b4   0x00000006   Code   RO          378    .ARM.Collect$$_printf_percent$$00000005  c_w.l(_printf_g.o)
    0x000002ba   0x000002ba   0x00000006   Code   RO          379    .ARM.Collect$$_printf_percent$$00000006  c_w.l(_printf_a.o)
    0x000002c0   0x000002c0   0x0000000a   Code   RO          384    .ARM.Collect$$_printf_percent$$00000007  c_w.l(_printf_ll.o)
    0x000002ca   0x000002ca   0x00000006   Code   RO          373    .ARM.Collect$$_printf_percent$$00000008  c_w.l(_printf_i.o)
    0x000002d0   0x000002d0   0x00000006   Code   RO          374    .ARM.Collect$$_printf_percent$$00000009  c_w.l(_printf_d.o)
    0x000002d6   0x000002d6   0x00000006   Code   RO          375    .ARM.Collect$$_printf_percent$$0000000A  c_w.l(_printf_u.o)
    0x000002dc   0x000002dc   0x00000006   Code   RO          372    .ARM.Collect$$_printf_percent$$0000000B  c_w.l(_printf_o.o)
    0x000002e2   0x000002e2   0x00000006   Code   RO          370    .ARM.Collect$$_printf_percent$$0000000C  c_w.l(_printf_x.o)
    0x000002e8   0x000002e8   0x00000006   Code   RO          381    .ARM.Collect$$_printf_percent$$0000000D  c_w.l(_printf_lli.o)
    0x000002ee   0x000002ee   0x00000006   Code   RO          382    .ARM.Collect$$_printf_percent$$0000000E  c_w.l(_printf_lld.o)
    0x000002f4   0x000002f4   0x00000006   Code   RO          383    .ARM.Collect$$_printf_percent$$0000000F  c_w.l(_printf_llu.o)
    0x000002fa   0x000002fa   0x00000006   Code   RO          388    .ARM.Collect$$_printf_percent$$00000010  c_w.l(_printf_llo.o)
    0x00000300   0x00000300   0x00000006   Code   RO          389    .ARM.Collect$$_printf_percent$$00000011  c_w.l(_printf_llx.o)
    0x00000306   0x00000306   0x0000000a   Code   RO          385    .ARM.Collect$$_printf_percent$$00000012  c_w.l(_printf_l.o)
    0x00000310   0x00000310   0x00000006   Code   RO          367    .ARM.Collect$$_printf_percent$$00000013  c_w.l(_printf_c.o)
    0x00000316   0x00000316   0x00000006   Code   RO          368    .ARM.Collect$$_printf_percent$$00000014  c_w.l(_printf_s.o)
    0x0000031c   0x0000031c   0x00000006   Code   RO          386    .ARM.Collect$$_printf_percent$$00000015  c_w.l(_printf_lc.o)
    0x00000322   0x00000322   0x00000006   Code   RO          387    .ARM.Collect$$_printf_percent$$00000016  c_w.l(_printf_ls.o)
    0x00000328   0x00000328   0x00000004   Code   RO          471    .ARM.Collect$$_printf_percent$$00000017  c_w.l(_printf_percent_end.o)
    0x0000032c   0x0000032c   0x00000002   Code   RO          535    .ARM.Collect$$libinit$$00000000  c_w.l(libinit.o)
    0x0000032e   0x0000032e   0x00000004   Code   RO          547    .ARM.Collect$$libinit$$00000001  c_w.l(libinit2.o)
    0x00000332   0x00000332   0x00000000   Code   RO          550    .ARM.Collect$$libinit$$00000004  c_w.l(libinit2.o)
    0x00000332   0x00000332   0x00000000   Code   RO          552    .ARM.Collect$$libinit$$00000006  c_w.l(libinit2.o)
    0x00000332   0x00000332   0x00000000   Code   RO          555    .ARM.Collect$$libinit$$0000000C  c_w.l(libinit2.o)
    0x00000332   0x00000332   0x00000000   Code   RO          557    .ARM.Collect$$libinit$$0000000E  c_w.l(libinit2.o)
    0x00000332   0x00000332   0x00000000   Code   RO          559    .ARM.Collect$$libinit$$00000010  c_w.l(libinit2.o)
    0x00000332   0x00000332   0x00000006   Code   RO          560    .ARM.Collect$$libinit$$00000011  c_w.l(libinit2.o)
    0x00000338   0x00000338   0x00000000   Code   RO          562    .ARM.Collect$$libinit$$00000013  c_w.l(libinit2.o)
    0x00000338   0x00000338   0x0000000c   Code   RO          563    .ARM.Collect$$libinit$$00000014  c_w.l(libinit2.o)
    0x00000344   0x00000344   0x00000000   Code   RO          564    .ARM.Collect$$libinit$$00000015  c_w.l(libinit2.o)
    0x00000344   0x00000344   0x00000000   Code   RO          566    .ARM.Collect$$libinit$$00000017  c_w.l(libinit2.o)
    0x00000344   0x00000344   0x0000000a   Code   RO          567    .ARM.Collect$$libinit$$00000018  c_w.l(libinit2.o)
    0x0000034e   0x0000034e   0x00000000   Code   RO          568    .ARM.Collect$$libinit$$00000019  c_w.l(libinit2.o)
    0x0000034e   0x0000034e   0x00000000   Code   RO          570    .ARM.Collect$$libinit$$0000001B  c_w.l(libinit2.o)
    0x0000034e   0x0000034e   0x00000000   Code   RO          572    .ARM.Collect$$libinit$$0000001D  c_w.l(libinit2.o)
    0x0000034e   0x0000034e   0x00000000   Code   RO          574    .ARM.Collect$$libinit$$0000001F  c_w.l(libinit2.o)
    0x0000034e   0x0000034e   0x00000000   Code   RO          576    .ARM.Collect$$libinit$$00000021  c_w.l(libinit2.o)
    0x0000034e   0x0000034e   0x00000000   Code   RO          578    .ARM.Collect$$libinit$$00000023  c_w.l(libinit2.o)
    0x0000034e   0x0000034e   0x00000000   Code   RO          580    .ARM.Collect$$libinit$$00000025  c_w.l(libinit2.o)
    0x0000034e   0x0000034e   0x00000000   Code   RO          582    .ARM.Collect$$libinit$$00000027  c_w.l(libinit2.o)
    0x0000034e   0x0000034e   0x00000000   Code   RO          586    .ARM.Collect$$libinit$$0000002E  c_w.l(libinit2.o)
    0x0000034e   0x0000034e   0x00000000   Code   RO          588    .ARM.Collect$$libinit$$00000030  c_w.l(libinit2.o)
    0x0000034e   0x0000034e   0x00000000   Code   RO          590    .ARM.Collect$$libinit$$00000032  c_w.l(libinit2.o)
    0x0000034e   0x0000034e   0x00000000   Code   RO          592    .ARM.Collect$$libinit$$00000034  c_w.l(libinit2.o)
    0x0000034e   0x0000034e   0x00000002   Code   RO          593    .ARM.Collect$$libinit$$00000035  c_w.l(libinit2.o)
    0x00000350   0x00000350   0x00000002   Code   RO          617    .ARM.Collect$$libshutdown$$00000000  c_w.l(libshutdown.o)
    0x00000352   0x00000352   0x00000000   Code   RO          632    .ARM.Collect$$libshutdown$$00000002  c_w.l(libshutdown2.o)
    0x00000352   0x00000352   0x00000000   Code   RO          634    .ARM.Collect$$libshutdown$$00000004  c_w.l(libshutdown2.o)
    0x00000352   0x00000352   0x00000000   Code   RO          637    .ARM.Collect$$libshutdown$$00000007  c_w.l(libshutdown2.o)
    0x00000352   0x00000352   0x00000000   Code   RO          640    .ARM.Collect$$libshutdown$$0000000A  c_w.l(libshutdown2.o)
    0x00000352   0x00000352   0x00000000   Code   RO          642    .ARM.Collect$$libshutdown$$0000000C  c_w.l(libshutdown2.o)
    0x00000352   0x00000352   0x00000000   Code   RO          645    .ARM.Collect$$libshutdown$$0000000F  c_w.l(libshutdown2.o)
    0x00000352   0x00000352   0x00000002   Code   RO          646    .ARM.Collect$$libshutdown$$00000010  c_w.l(libshutdown2.o)
    0x00000354   0x00000354   0x00000000   Code   RO          296    .ARM.Collect$$rtentry$$00000000  c_w.l(__rtentry.o)
    0x00000354   0x00000354   0x00000000   Code   RO          435    .ARM.Collect$$rtentry$$00000002  c_w.l(__rtentry2.o)
    0x00000354   0x00000354   0x00000006   Code   RO          447    .ARM.Collect$$rtentry$$00000004  c_w.l(__rtentry4.o)
    0x0000035a   0x0000035a   0x00000000   Code   RO          437    .ARM.Collect$$rtentry$$00000009  c_w.l(__rtentry2.o)
    0x0000035a   0x0000035a   0x00000004   Code   RO          438    .ARM.Collect$$rtentry$$0000000A  c_w.l(__rtentry2.o)
    0x0000035e   0x0000035e   0x00000000   Code   RO          440    .ARM.Collect$$rtentry$$0000000C  c_w.l(__rtentry2.o)
    0x0000035e   0x0000035e   0x00000008   Code   RO          441    .ARM.Collect$$rtentry$$0000000D  c_w.l(__rtentry2.o)
    0x00000366   0x00000366   0x00000002   Code   RO          538    .ARM.Collect$$rtexit$$00000000  c_w.l(rtexit.o)
    0x00000368   0x00000368   0x00000000   Code   RO          595    .ARM.Collect$$rtexit$$00000002  c_w.l(rtexit2.o)
    0x00000368   0x00000368   0x00000004   Code   RO          596    .ARM.Collect$$rtexit$$00000003  c_w.l(rtexit2.o)
    0x0000036c   0x0000036c   0x00000006   Code   RO          597    .ARM.Collect$$rtexit$$00000004  c_w.l(rtexit2.o)
    0x00000372   0x00000372   0x00000002   PAD
    0x00000374   0x00000374   0x0000003c   Code   RO          228  * .text               startup_msp432e401y_uvision.o
    0x000003b0   0x000003b0   0x0000002c   Code   RO          248    .text               c_w.l(sprintf.o)
    0x000003dc   0x000003dc   0x00000006   Code   RO          250    .text               c_w.l(heapauxi.o)
    0x000003e2   0x000003e2   0x00000016   Code   RO          297    .text               c_w.l(_rserrno.o)
    0x000003f8   0x000003f8   0x0000004e   Code   RO          301    .text               c_w.l(_printf_pad.o)
    0x00000446   0x00000446   0x00000024   Code   RO          303    .text               c_w.l(_printf_truncate.o)
    0x0000046a   0x0000046a   0x00000052   Code   RO          305    .text               c_w.l(_printf_str.o)
    0x000004bc   0x000004bc   0x00000078   Code   RO          307    .text               c_w.l(_printf_dec.o)
    0x00000534   0x00000534   0x00000028   Code   RO          309    .text               c_w.l(_printf_charcount.o)
    0x0000055c   0x0000055c   0x00000030   Code   RO          311    .text               c_w.l(_printf_char_common.o)
    0x0000058c   0x0000058c   0x0000000a   Code   RO          313    .text               c_w.l(_sputc.o)
    0x00000596   0x00000596   0x00000002   PAD
    0x00000598   0x00000598   0x000000bc   Code   RO          315    .text               c_w.l(_printf_wctomb.o)
    0x00000654   0x00000654   0x0000007c   Code   RO          318    .text               c_w.l(_printf_longlong_dec.o)
    0x000006d0   0x000006d0   0x00000070   Code   RO          324    .text               c_w.l(_printf_oct_int_ll.o)
    0x00000740   0x00000740   0x00000094   Code   RO          344    .text               c_w.l(_printf_hex_int_ll_ptr.o)
    0x000007d4   0x000007d4   0x00000188   Code   RO          364    .text               c_w.l(__printf_flags_ss_wp.o)
    0x0000095c   0x0000095c   0x00000008   Code   RO          452    .text               c_w.l(rt_errno_addr_intlibspace.o)
    0x00000964   0x00000964   0x0000008a   Code   RO          454    .text               c_w.l(lludiv10.o)
    0x000009ee   0x000009ee   0x000000b2   Code   RO          456    .text               c_w.l(_printf_intcommon.o)
    0x00000aa0   0x00000aa0   0x0000041c   Code   RO          458    .text               c_w.l(_printf_fp_dec.o)
    0x00000ebc   0x00000ebc   0x000002fc   Code   RO          462    .text               c_w.l(_printf_fp_hex.o)
    0x000011b8   0x000011b8   0x0000002c   Code   RO          467    .text               c_w.l(_printf_char.o)
    0x000011e4   0x000011e4   0x0000002c   Code   RO          469    .text               c_w.l(_printf_wchar.o)
    0x00001210   0x00001210   0x00000048   Code   RO          472    .text               c_w.l(_c16rtomb.o)
    0x00001258   0x00001258   0x00000008   Code   RO          484    .text               c_w.l(libspace.o)
    0x00001260   0x00001260   0x0000004a   Code   RO          487    .text               c_w.l(sys_stackheap_outer.o)
    0x000012aa   0x000012aa   0x00000002   PAD
    0x000012ac   0x000012ac   0x00000010   Code   RO          489    .text               c_w.l(rt_ctype_table.o)
    0x000012bc   0x000012bc   0x00000008   Code   RO          494    .text               c_w.l(rt_locale_intlibspace.o)
    0x000012c4   0x000012c4   0x00000080   Code   RO          496    .text               c_w.l(_printf_fp_infnan.o)
    0x00001344   0x00001344   0x000000e4   Code   RO          498    .text               c_w.l(bigflt0.o)
    0x00001428   0x00001428   0x00000012   Code   RO          528    .text               c_w.l(exit.o)
    0x0000143a   0x0000143a   0x00000006   PAD
    0x00001440   0x00001440   0x0000007c   Code   RO          545    .text               c_w.l(strcmpv7em.o)
    0x000014bc   0x000014bc   0x0000000c   Code   RO          607    .text               c_w.l(sys_exit.o)
    0x000014c8   0x000014c8   0x00000002   Code   RO          622    .text               c_w.l(use_no_semi.o)
    0x000014ca   0x000014ca   0x00000000   Code   RO          624    .text               c_w.l(indicate_semi.o)
    0x000014ca   0x000014ca   0x00000002   PAD
    0x000014cc   0x000014cc   0x0000004e   Code   RO          163    .text.FlashAllLEDs  onboardleds.o
    0x0000151a   0x0000151a   0x00000002   PAD
    0x0000151c   0x0000151c   0x00000008   Code   RO          169    .text.FlashI2CError  onboardleds.o
    0x00001524   0x00001524   0x00000002   Code   RO          167    .text.FlashI2CRx    onboardleds.o
    0x00001526   0x00001526   0x00000002   PAD
    0x00001528   0x00001528   0x00000002   Code   RO          165    .text.FlashI2CTx    onboardleds.o
    0x0000152a   0x0000152a   0x00000002   PAD
    0x0000152c   0x0000152c   0x00000094   Code   RO          201    .text.I2C_Init      2dx_studio_8c.o
    0x000015c0   0x000015c0   0x0000013e   Code   RO            2    .text.PLL_Init      pll.o
    0x000016fe   0x000016fe   0x00000002   PAD
    0x00001700   0x00001700   0x0000003e   Code   RO          207    .text.PortF_Init    2dx_studio_8c.o
    0x0000173e   0x0000173e   0x00000002   PAD
    0x00001740   0x00001740   0x0000003e   Code   RO          205    .text.PortH_Init    2dx_studio_8c.o
    0x0000177e   0x0000177e   0x00000002   PAD
    0x00001780   0x00001780   0x00000050   Code   RO          199    .text.PortM_Init    2dx_studio_8c.o
    0x000017d0   0x000017d0   0x0000004c   Code   RO          188    .text.Status_Check  uart.o
    0x0000181c   0x0000181c   0x0000002a   Code   RO           10    .text.SysTick_Init  systick.o
    0x00001846   0x00001846   0x00000002   PAD
    0x00001848   0x00001848   0x00000036   Code   RO           12    .text.SysTick_Wait  systick.o
    0x0000187e   0x0000187e   0x00000002   PAD
    0x00001880   0x00001880   0x00000030   Code   RO           14    .text.SysTick_Wait10ms  systick.o
    0x000018b0   0x000018b0   0x00000024   Code   RO          237    .text.SystemInit    system_msp432e401y.o
    0x000018d4   0x000018d4   0x00000024   Code   RO          182    .text.UART_InChar   uart.o
    0x000018f8   0x000018f8   0x000000ea   Code   RO          180    .text.UART_Init     uart.o
    0x000019e2   0x000019e2   0x00000002   PAD
    0x000019e4   0x000019e4   0x0000002e   Code   RO          184    .text.UART_OutChar  uart.o
    0x00001a12   0x00001a12   0x00000002   PAD
    0x00001a14   0x00001a14   0x0000002c   Code   RO          186    .text.UART_printf   uart.o
    0x00001a40   0x00001a40   0x00000036   Code   RO           91    .text.VL53L1X_BootState  vl53l1x_api.o
    0x00001a76   0x00001a76   0x00000002   PAD
    0x00001a78   0x00001a78   0x00000066   Code   RO           71    .text.VL53L1X_CheckForDataReady  vl53l1x_api.o
    0x00001ade   0x00001ade   0x00000002   PAD
    0x00001ae0   0x00001ae0   0x00000026   Code   RO           67    .text.VL53L1X_ClearInterrupt  vl53l1x_api.o
    0x00001b06   0x00001b06   0x00000002   PAD
    0x00001b08   0x00001b08   0x00000030   Code   RO           95    .text.VL53L1X_GetDistance  vl53l1x_api.o
    0x00001b38   0x00001b38   0x0000004e   Code   RO           81    .text.VL53L1X_GetDistanceMode  vl53l1x_api.o
    0x00001b86   0x00001b86   0x00000002   PAD
    0x00001b88   0x00001b88   0x00000046   Code   RO           77    .text.VL53L1X_GetInterruptPolarity  vl53l1x_api.o
    0x00001bce   0x00001bce   0x00000002   PAD
    0x00001bd0   0x00001bd0   0x000000f8   Code   RO           83    .text.VL53L1X_GetTimingBudgetInMs  vl53l1x_api.o
    0x00001cc8   0x00001cc8   0x0000011c   Code   RO           65    .text.VL53L1X_SensorInit  vl53l1x_api.o
    0x00001de4   0x00001de4   0x00000146   Code   RO           85    .text.VL53L1X_SetDistanceMode  vl53l1x_api.o
    0x00001f2a   0x00001f2a   0x00000002   PAD
    0x00001f2c   0x00001f2c   0x0000024a   Code   RO           79    .text.VL53L1X_SetTimingBudgetInMs  vl53l1x_api.o
    0x00002176   0x00002176   0x00000002   PAD
    0x00002178   0x00002178   0x00000026   Code   RO           69    .text.VL53L1X_StartRanging  vl53l1x_api.o
    0x0000219e   0x0000219e   0x00000002   PAD
    0x000021a0   0x000021a0   0x00000024   Code   RO           73    .text.VL53L1X_StopRanging  vl53l1x_api.o
    0x000021c4   0x000021c4   0x00000032   Code   RO           45    .text.VL53L1_RdByte  vl53l1_platform_2dx4.o
    0x000021f6   0x000021f6   0x00000002   PAD
    0x000021f8   0x000021f8   0x0000004c   Code   RO           47    .text.VL53L1_RdWord  vl53l1_platform_2dx4.o
    0x00002244   0x00002244   0x00000036   Code   RO           51    .text.VL53L1_WaitMs  vl53l1_platform_2dx4.o
    0x0000227a   0x0000227a   0x00000002   PAD
    0x0000227c   0x0000227c   0x00000030   Code   RO           39    .text.VL53L1_WrByte  vl53l1_platform_2dx4.o
    0x000022ac   0x000022ac   0x0000004a   Code   RO           41    .text.VL53L1_WrWord  vl53l1_platform_2dx4.o
    0x000022f6   0x000022f6   0x00000002   PAD
    0x000022f8   0x000022f8   0x00000024   Code   RO           25    .text.beginRxI2C    vl53l1_platform_2dx4.o
    0x0000231c   0x0000231c   0x00000024   Code   RO           23    .text.beginTxI2C    vl53l1_platform_2dx4.o
    0x00002340   0x00002340   0x00000440   Code   RO          211    .text.main          2dx_studio_8c.o
    0x00002780   0x00002780   0x000000d4   Code   RO          171    .text.onboardLEDs_Init  onboardleds.o
    0x00002854   0x00002854   0x0000007a   Code   RO           33    .text.readI2C       vl53l1_platform_2dx4.o
    0x000028ce   0x000028ce   0x00000002   PAD
    0x000028d0   0x000028d0   0x00000114   Code   RO           31    .text.writeI2C      vl53l1_platform_2dx4.o
    0x000029e4   0x000029e4   0x000000f0   Code   RO           27    .text.writeRegisterIndex  vl53l1_platform_2dx4.o
    0x00002ad4   0x00002ad4   0x000000f0   Code   RO           29    .text.writeRegisterIndex_nostop  vl53l1_platform_2dx4.o
    0x00002bc4   0x00002bc4   0x0000003e   Code   RO          501    CL$$btod_d2e        c_w.l(btod.o)
    0x00002c02   0x00002c02   0x00000046   Code   RO          503    CL$$btod_d2e_denorm_low  c_w.l(btod.o)
    0x00002c48   0x00002c48   0x00000060   Code   RO          502    CL$$btod_d2e_norm_op1  c_w.l(btod.o)
    0x00002ca8   0x00002ca8   0x00000338   Code   RO          511    CL$$btod_div_common  c_w.l(btod.o)
    0x00002fe0   0x00002fe0   0x000000dc   Code   RO          508    CL$$btod_e2e        c_w.l(btod.o)
    0x000030bc   0x000030bc   0x0000002a   Code   RO          505    CL$$btod_ediv       c_w.l(btod.o)
    0x000030e6   0x000030e6   0x0000002a   Code   RO          504    CL$$btod_emul       c_w.l(btod.o)
    0x00003110   0x00003110   0x00000244   Code   RO          510    CL$$btod_mult_common  c_w.l(btod.o)
    0x00003354   0x00003354   0x00000030   Code   RO          480    i.__ARM_fpclassify  m_wm.l(fpclassify.o)
    0x00003384   0x00003384   0x00000004   PAD
    0x00003388   0x00003388   0x000000c8   Code   RO          284    i.__hardfp_cos      m_wm.l(cos.o)
    0x00003450   0x00003450   0x000000c8   Code   RO          290    i.__hardfp_sin      m_wm.l(sin.o)
    0x00003518   0x00003518   0x00000438   Code   RO          426    i.__ieee754_rem_pio2  m_wm.l(rred.o)
    0x00003950   0x00003950   0x00000170   Code   RO          409    i.__kernel_cos      m_wm.l(cos_i.o)
    0x00003ac0   0x00003ac0   0x000000f8   Code   RO          482    i.__kernel_poly     m_wm.l(poly.o)
    0x00003bb8   0x00003bb8   0x00000130   Code   RO          431    i.__kernel_sin      m_wm.l(sin_i.o)
    0x00003ce8   0x00003ce8   0x00000014   Code   RO          413    i.__mathlib_dbl_infnan  m_wm.l(dunder.o)
    0x00003cfc   0x00003cfc   0x00000004   PAD
    0x00003d00   0x00003d00   0x00000020   Code   RO          415    i.__mathlib_dbl_invalid  m_wm.l(dunder.o)
    0x00003d20   0x00003d20   0x00000020   Code   RO          418    i.__mathlib_dbl_underflow  m_wm.l(dunder.o)
    0x00003d40   0x00003d40   0x0000000e   Code   RO          357    i._is_digit         c_w.l(__printf_wp.o)
    0x00003d4e   0x00003d4e   0x00000018   Code   RO          476    i.fabs              m_wm.l(fabs.o)
    0x00003d66   0x00003d66   0x00000002   PAD
    0x00003d68   0x00003d68   0x0000002c   Code   RO          526    locale$$code        c_w.l(lc_numeric_c.o)
    0x00003d94   0x00003d94   0x0000002c   Code   RO          543    locale$$code        c_w.l(lc_ctype_c.o)
    0x00003dc0   0x00003dc0   0x00000018   Code   RO          390    x$fpl$basic         fz_wm.l(basic.o)
    0x00003dd8   0x00003dd8   0x00000062   Code   RO          254    x$fpl$d2f           fz_wm.l(d2f.o)
    0x00003e3a   0x00003e3a   0x00000002   PAD
    0x00003e3c   0x00003e3c   0x00000150   Code   RO          256    x$fpl$dadd          fz_wm.l(daddsub_clz.o)
    0x00003f8c   0x00003f8c   0x000002b4   Code   RO          263    x$fpl$ddiv          fz_wm.l(ddiv.o)
    0x00004240   0x00004240   0x0000005e   Code   RO          266    x$fpl$dfix          fz_wm.l(dfix.o)
    0x0000429e   0x0000429e   0x0000002e   Code   RO          275    x$fpl$dflt          fz_wm.l(dflt_clz.o)
    0x000042cc   0x000042cc   0x00000026   Code   RO          274    x$fpl$dfltu         fz_wm.l(dflt_clz.o)
    0x000042f2   0x000042f2   0x00000002   PAD
    0x000042f4   0x000042f4   0x00000154   Code   RO          280    x$fpl$dmul          fz_wm.l(dmul.o)
    0x00004448   0x00004448   0x0000009c   Code   RO          392    x$fpl$dnaninf       fz_wm.l(dnaninf.o)
    0x000044e4   0x000044e4   0x0000000c   Code   RO          394    x$fpl$dretinf       fz_wm.l(dretinf.o)
    0x000044f0   0x000044f0   0x00000016   Code   RO          257    x$fpl$drsb          fz_wm.l(daddsub_clz.o)
    0x00004506   0x00004506   0x00000002   PAD
    0x00004508   0x00004508   0x000001dc   Code   RO          258    x$fpl$dsub          fz_wm.l(daddsub_clz.o)
    0x000046e4   0x000046e4   0x00000056   Code   RO          282    x$fpl$f2d           fz_wm.l(f2d.o)
    0x0000473a   0x0000473a   0x0000008c   Code   RO          396    x$fpl$fnaninf       fz_wm.l(fnaninf.o)
    0x000047c6   0x000047c6   0x0000001a   Code   RO          605    x$fpl$fpinit        fz_wm.l(fpinit.o)
    0x000047e0   0x000047e0   0x0000000a   Code   RO          398    x$fpl$fretinf       fz_wm.l(fretinf.o)
    0x000047ea   0x000047ea   0x00000004   Code   RO          400    x$fpl$printf1       fz_wm.l(printf1.o)
    0x000047ee   0x000047ee   0x00000004   Code   RO          402    x$fpl$printf2       fz_wm.l(printf2.o)
    0x000047f2   0x000047f2   0x00000000   Code   RO          408    x$fpl$usenofp       fz_wm.l(usenofp.o)
    0x000047f2   0x000047f2   0x00000002   PAD
    0x000047f4   0x000047f4   0x00000008   Data   RO          316    .constdata          c_w.l(_printf_wctomb.o)
    0x000047fc   0x000047fc   0x00000028   Data   RO          345    .constdata          c_w.l(_printf_hex_int_ll_ptr.o)
    0x00004824   0x00004824   0x00000011   Data   RO          365    .constdata          c_w.l(__printf_flags_ss_wp.o)
    0x00004835   0x00004835   0x00000003   PAD
    0x00004838   0x00004838   0x00000030   Data   RO          410    .constdata          m_wm.l(cos_i.o)
    0x00004868   0x00004868   0x000000cc   Data   RO          428    .constdata          m_wm.l(rred.o)
    0x00004934   0x00004934   0x00000004   PAD
    0x00004938   0x00004938   0x00000028   Data   RO          432    .constdata          m_wm.l(sin_i.o)
    0x00004960   0x00004960   0x00000026   Data   RO          463    .constdata          c_w.l(_printf_fp_hex.o)
    0x00004986   0x00004986   0x00000002   PAD
    0x00004988   0x00004988   0x00000094   Data   RO          499    .constdata          c_w.l(bigflt0.o)
    0x00004a1c   0x00004a1c   0x0000005b   Data   RO          145    .rodata.VL51L1X_DEFAULT_CONFIGURATION  vl53l1x_api.o
    0x00004a77   0x00004a77   0x00000033   Data   RO          146    .rodata.str1.1      vl53l1x_api.o
    0x00004aaa   0x00004aaa   0x00000023   Data   RO          191    .rodata.str1.1      uart.o
    0x00004acd   0x00004acd   0x0000000d   Data   RO          217    .rodata.str1.1      2dx_studio_8c.o
    0x00004ada   0x00004ada   0x00000002   PAD
    0x00004adc   0x00004adc   0x00000020   Data   RO          680    Region$$Table       anon$$obj.o
    0x00004afc   0x00004afc   0x0000001c   Data   RO          525    locale$$data        c_w.l(lc_numeric_c.o)
    0x00004b18   0x00004b18   0x00000110   Data   RO          542    locale$$data        c_w.l(lc_ctype_c.o)


    Execution Region ER_RW (Exec base: 0x20000000, Load base: 0x00004c28, Size: 0x00000008, Max: 0xffffffff, ABSOLUTE)

    Exec Addr    Load Addr    Size         Type   Attr      Idx    E Section Name        Object

    0x20000000   0x00004c28   0x00000004   Data   RW          239    .data.SystemCoreClock  system_msp432e401y.o
    0x20000004   0x00004c2c   0x00000002   Data   RW          213    .data.dev           2dx_studio_8c.o


    Execution Region ER_ZI (Exec base: 0x20000008, Load base: 0x00004c30, Size: 0x00000a68, Max: 0xffffffff, ABSOLUTE)

    Exec Addr    Load Addr    Size         Type   Attr      Idx    E Section Name        Object

    0x20000008        -       0x00000060   Zero   RW          485    .bss                c_w.l(libspace.o)
    0x20000068        -       0x000003ff   Zero   RW          190    .bss.printf_buffer  uart.o
    0x20000467        -       0x000003ff   Zero   RW          216    .bss.printf_buffer  2dx_studio_8c.o
    0x20000866   0x00004c30   0x00000002   PAD
    0x20000868        -       0x00000004   Zero   RW          214    .bss.status         2dx_studio_8c.o
    0x2000086c   0x00004c30   0x00000004   PAD
    0x20000870        -       0x00000000   Zero   RW          226    HEAP                startup_msp432e401y_uvision.o
    0x20000870        -       0x00000200   Zero   RW          225    STACK               startup_msp432e401y_uvision.o


==============================================================================

Image component sizes


      Code (inc. data)   RO Data    RW Data    ZI Data      Debug   Object Name

      1440         16         13          2       1027       2583   2dx_studio_8c.o
       302          0          0          0          0       1527   onboardleds.o
       318          0          0          0          0        748   pll.o
        60         22        508          0        512        964   startup_msp432e401y_uvision.o
        36          0          0          4          0       7282   system_msp432e401y.o
       144          0          0          0          0        921   systick.o
       436          0         35          0       1023       1443   uart.o
      1252          0          0          0          0       4074   vl53l1_platform_2dx4.o
      1908          0        142          0          0      11324   vl53l1x_api.o

    ----------------------------------------------------------------------
      5940         38        732          8       2568      30866   Object Totals
         0          0         32          0          0          0   (incl. Generated)
        44          0          2          2          6          0   (incl. Padding)

    ----------------------------------------------------------------------

      Code (inc. data)   RO Data    RW Data    ZI Data      Debug   Library Member Name

         8          0          0          0          0         68   __main.o
       392          4         17          0          0         92   __printf_flags_ss_wp.o
        14          0          0          0          0         68   __printf_wp.o
         0          0          0          0          0          0   __rtentry.o
        12          0          0          0          0          0   __rtentry2.o
         6          0          0          0          0          0   __rtentry4.o
        94          8          0          0          0          0   __scatter.o
        26          0          0          0          0          0   __scatter_copy.o
        28          0          0          0          0          0   __scatter_zi.o
        72          0          0          0          0         96   _c16rtomb.o
         6          0          0          0          0          0   _printf_a.o
         6          0          0          0          0          0   _printf_c.o
        44          0          0          0          0        108   _printf_char.o
        48          6          0          0          0         96   _printf_char_common.o
        40          0          0          0          0         68   _printf_charcount.o
         6          0          0          0          0          0   _printf_d.o
       120         16          0          0          0         92   _printf_dec.o
         6          0          0          0          0          0   _printf_e.o
         6          0          0          0          0          0   _printf_f.o
      1052          0          0          0          0        148   _printf_fp_dec.o
       764          8         38          0          0        100   _printf_fp_hex.o
       128         16          0          0          0         84   _printf_fp_infnan.o
         6          0          0          0          0          0   _printf_g.o
       148          4         40          0          0        160   _printf_hex_int_ll_ptr.o
         6          0          0          0          0          0   _printf_i.o
       178          0          0          0          0         88   _printf_intcommon.o
        10          0          0          0          0          0   _printf_l.o
         6          0          0          0          0          0   _printf_lc.o
        10          0          0          0          0          0   _printf_ll.o
         6          0          0          0          0          0   _printf_lld.o
         6          0          0          0          0          0   _printf_lli.o
         6          0          0          0          0          0   _printf_llo.o
         6          0          0          0          0          0   _printf_llu.o
         6          0          0          0          0          0   _printf_llx.o
       124         16          0          0          0         92   _printf_longlong_dec.o
         6          0          0          0          0          0   _printf_ls.o
         6          0          0          0          0          0   _printf_n.o
         6          0          0          0          0          0   _printf_o.o
       112          8          0          0          0        124   _printf_oct_int_ll.o
         6          0          0          0          0          0   _printf_p.o
        78          0          0          0          0        108   _printf_pad.o
         0          0          0          0          0          0   _printf_percent.o
         4          0          0          0          0          0   _printf_percent_end.o
         6          0          0          0          0          0   _printf_s.o
        82          0          0          0          0         80   _printf_str.o
        36          0          0          0          0         84   _printf_truncate.o
         6          0          0          0          0          0   _printf_u.o
        44          0          0          0          0        108   _printf_wchar.o
       188          6          8          0          0         92   _printf_wctomb.o
         6          0          0          0          0          0   _printf_x.o
        22          0          0          0          0        100   _rserrno.o
        10          0          0          0          0         68   _sputc.o
       228          4        148          0          0         96   bigflt0.o
      1936        128          0          0          0        668   btod.o
        18          0          0          0          0         80   exit.o
         6          0          0          0          0        152   heapauxi.o
         0          0          0          0          0          0   indicate_semi.o
        44         10        272          0          0         76   lc_ctype_c.o
        44         10         28          0          0         76   lc_numeric_c.o
         2          0          0          0          0          0   libinit.o
        34          0          0          0          0          0   libinit2.o
         2          0          0          0          0          0   libshutdown.o
         2          0          0          0          0          0   libshutdown2.o
         8          4          0          0         96         68   libspace.o
       138          0          0          0          0         80   lludiv10.o
        16          4          0          0          0         76   rt_ctype_table.o
         8          4          0          0          0         68   rt_errno_addr_intlibspace.o
         8          4          0          0          0         68   rt_locale_intlibspace.o
         2          0          0          0          0          0   rtexit.o
        10          0          0          0          0          0   rtexit2.o
        44          6          0          0          0         84   sprintf.o
       124          0          0          0          0         88   strcmpv7em.o
        12          4          0          0          0         68   sys_exit.o
        74          0          0          0          0         80   sys_stackheap_outer.o
         2          0          0          0          0         68   use_no_semi.o
        24          0          0          0          0        164   basic.o
        98          4          0          0          0        140   d2f.o
       834         16          0          0          0        516   daddsub_clz.o
       692        140          0          0          0        264   ddiv.o
        94          4          0          0          0        140   dfix.o
        84          0          0          0          0        232   dflt_clz.o
       340         12          0          0          0        152   dmul.o
       156          4          0          0          0        140   dnaninf.o
        12          0          0          0          0        116   dretinf.o
        86          4          0          0          0        132   f2d.o
       140          4          0          0          0        132   fnaninf.o
        26          0          0          0          0        116   fpinit.o
        10          0          0          0          0        116   fretinf.o
         4          0          0          0          0        116   printf1.o
         4          0          0          0          0        116   printf2.o
         0          0          0          0          0          0   usenofp.o
       200         20          0          0          0        164   cos.o
       368         46         48          0          0        200   cos_i.o
        84         16          0          0          0        372   dunder.o
        24          0          0          0          0        124   fabs.o
        48          0          0          0          0        124   fpclassify.o
       248          0          0          0          0        152   poly.o
      1080        142        204          0          0        188   rred.o
       200         20          0          0          0        164   sin.o
       304         24         40          0          0        208   sin_i.o

    ----------------------------------------------------------------------
     11972        726        852          0         96       8308   Library Totals
        36          0          9          0          0          0   (incl. Padding)

    ----------------------------------------------------------------------

      Code (inc. data)   RO Data    RW Data    ZI Data      Debug   Library Name

      6776        270        551          0         96       4020   c_w.l
      2604        188          0          0          0       2592   fz_wm.l
      2556        268        292          0          0       1696   m_wm.l

    ----------------------------------------------------------------------
     11972        726        852          0         96       8308   Library Totals

    ----------------------------------------------------------------------

==============================================================================


      Code (inc. data)   RO Data    RW Data    ZI Data      Debug   

     17912        764       1584          8       2664      34270   Grand Totals
     17912        764       1584          8       2664      34270   ELF Image Totals
     17912        764       1584          8          0          0   ROM Totals

==============================================================================

    Total RO  Size (Code + RO Data)                19496 (  19.04kB)
    Total RW  Size (RW Data + ZI Data)              2672 (   2.61kB)
    Total ROM Size (Code + RO Data + RW Data)      19504 (  19.05kB)

==============================================================================

